Component: ARM Compiler 5.05 update 1 (build 106) Tool: armlink [4d0efa]

==============================================================================

Section Cross References

    main.o(i.EXTI0_IRQHandler) refers to main.o(i.NVIC_ClearPendingIRQ) for NVIC_ClearPendingIRQ
    main.o(i.EXTI0_IRQHandler) refers to main.o(.data) for state
    main.o(i.EXTI1_IRQHandler) refers to main.o(i.NVIC_ClearPendingIRQ) for NVIC_ClearPendingIRQ
    main.o(i.EXTI1_IRQHandler) refers to main.o(.data) for state
    main.o(i.EXTI2_IRQHandler) refers to main.o(i.resetSong) for resetSong
    main.o(i.EXTI2_IRQHandler) refers to main.o(i.NVIC_ClearPendingIRQ) for NVIC_ClearPendingIRQ
    main.o(i.EXTI2_IRQHandler) refers to main.o(.data) for state
    main.o(i.EXTI3_IRQHandler) refers to main.o(i.deactivateAllKeys) for deactivateAllKeys
    main.o(i.EXTI3_IRQHandler) refers to main.o(i.NVIC_ClearPendingIRQ) for NVIC_ClearPendingIRQ
    main.o(i.EXTI3_IRQHandler) refers to main.o(.data) for state
    main.o(i.loadSongs) refers to h1_alloc.o(.text) for malloc
    main.o(i.loadSongs) refers to main.o(.data) for songNotes1
    main.o(i.main) refers to main.o(i.setup) for setup
    main.o(i.main) refers to main.o(i.playBeat) for playBeat
    main.o(i.main) refers to main.o(i.reset) for reset
    main.o(i.main) refers to main.o(.data) for state
    main.o(i.playBeat) refers to dflt_clz.o(x$fpl$dflt) for __aeabi_i2d
    main.o(i.playBeat) refers to ddiv.o(x$fpl$ddiv) for __aeabi_ddiv
    main.o(i.playBeat) refers to drleqf.o(x$fpl$drleqf) for __aeabi_cdrcmple
    main.o(i.playBeat) refers to main.o(i.deactivateAllKeys) for deactivateAllKeys
    main.o(i.playBeat) refers to main.o(i.activateKeys) for activateKeys
    main.o(i.playBeat) refers to main.o(i.deactivateKeys) for deactivateKeys
    main.o(i.playBeat) refers to h1_free.o(.text) for free
    main.o(i.playBeat) refers to h1_alloc.o(.text) for malloc
    main.o(i.playBeat) refers to main.o(i.strcpy) for strcpy
    main.o(i.playBeat) refers to main.o(i.str_split) for str_split
    main.o(i.playBeat) refers to strtol.o(.text) for strtol
    main.o(i.playBeat) refers to main.o(.data) for songID
    main.o(i.reset) refers to main.o(i.deactivateAllKeys) for deactivateAllKeys
    main.o(i.reset) refers to main.o(.data) for state
    main.o(i.resetSong) refers to main.o(.data) for songs
    main.o(i.setup) refers to main.o(i.NVIC_EnableIRQ) for NVIC_EnableIRQ
    main.o(i.setup) refers to main.o(i.NVIC_ClearPendingIRQ) for NVIC_ClearPendingIRQ
    main.o(i.setup) refers to main.o(i.reset) for reset
    main.o(i.setup) refers to main.o(i.loadSongs) for loadSongs
    main.o(i.setup) refers to main.o(i.deactivateAllKeys) for deactivateAllKeys
    main.o(i.str_split) refers to strlen.o(.text) for strlen
    main.o(i.str_split) refers to h1_alloc.o(.text) for malloc
    main.o(i.str_split) refers to strtok.o(.text) for strtok
    main.o(i.str_split) refers to main.o(i.strdup) for strdup
    main.o(i.strdup) refers to strlen.o(.text) for strlen
    main.o(i.strdup) refers to h1_alloc.o(.text) for malloc
    main.o(i.strdup) refers to main.o(i.strcpy) for strcpy
    startup_stm32l1xx_mdp.o(STACK) refers (Special) to heapauxi.o(.text) for __use_two_region_memory
    startup_stm32l1xx_mdp.o(HEAP) refers (Special) to heapauxi.o(.text) for __use_two_region_memory
    startup_stm32l1xx_mdp.o(RESET) refers (Special) to heapauxi.o(.text) for __use_two_region_memory
    startup_stm32l1xx_mdp.o(RESET) refers to startup_stm32l1xx_mdp.o(STACK) for __initial_sp
    startup_stm32l1xx_mdp.o(RESET) refers to startup_stm32l1xx_mdp.o(.text) for Reset_Handler
    startup_stm32l1xx_mdp.o(RESET) refers to main.o(i.EXTI0_IRQHandler) for EXTI0_IRQHandler
    startup_stm32l1xx_mdp.o(RESET) refers to main.o(i.EXTI1_IRQHandler) for EXTI1_IRQHandler
    startup_stm32l1xx_mdp.o(RESET) refers to main.o(i.EXTI2_IRQHandler) for EXTI2_IRQHandler
    startup_stm32l1xx_mdp.o(RESET) refers to main.o(i.EXTI3_IRQHandler) for EXTI3_IRQHandler
    startup_stm32l1xx_mdp.o(.text) refers (Special) to heapauxi.o(.text) for __use_two_region_memory
    startup_stm32l1xx_mdp.o(.text) refers to system_stm32l1xx.o(i.SystemInit) for SystemInit
    startup_stm32l1xx_mdp.o(.text) refers to __main.o(!!!main) for __main
    startup_stm32l1xx_mdp.o(.text) refers to startup_stm32l1xx_mdp.o(HEAP) for Heap_Mem
    startup_stm32l1xx_mdp.o(.text) refers to startup_stm32l1xx_mdp.o(STACK) for Stack_Mem
    system_stm32l1xx.o(i.SystemCoreClockUpdate) refers to system_stm32l1xx.o(.data) for SystemCoreClock
    system_stm32l1xx.o(i.SystemInit) refers to system_stm32l1xx.o(i.SetSysClock) for SetSysClock
    malloc.o(.text) refers (Special) to hguard.o(.text) for __heap$guard
    malloc.o(.text) refers (Special) to init_alloc.o(.text) for _init_alloc
    malloc.o(.text) refers to rt_heap_descriptor_intlibspace.o(.text) for __rt_heap_descriptor
    malloc.o(.text) refers to heapstubs.o(.text) for __Heap_Alloc
    free.o(.text) refers (Special) to hguard.o(.text) for __heap$guard
    free.o(.text) refers to rt_heap_descriptor_intlibspace.o(.text) for __rt_heap_descriptor
    free.o(.text) refers to heapstubs.o(.text) for __Heap_Free
    h1_alloc.o(.text) refers (Special) to h1_init.o(.text) for __Heap_Initialize
    h1_alloc.o(.text) refers to rt_heap_descriptor_intlibspace.o(.text) for __rt_heap_descriptor
    h1_alloc.o(.text) refers to init_alloc.o(.text) for __Heap_Full
    h1_free.o(.text) refers to rt_heap_descriptor_intlibspace.o(.text) for __rt_heap_descriptor
    h1_alloc_mt.o(.text) refers (Special) to h1_init.o(.text) for __Heap_Initialize
    h1_alloc_mt.o(.text) refers to init_alloc.o(.text) for __Heap_Full
    h1_alloc_mt.o(.text) refers to rt_heap_descriptor_intlibspace.o(.text) for __rt_heap_descriptor
    h1_free_mt.o(.text) refers to rt_heap_descriptor_intlibspace.o(.text) for __rt_heap_descriptor
    heap2.o(i._FDIterate) refers to heap2.o(.conststring) for .conststring
    heap2.o(i.___Heap_ProvideMemory$realtime) refers to fdtree.o(i._FDTree_Delete) for _FDTree_Delete
    heap2.o(i.___Heap_ProvideMemory$realtime) refers to fdtree.o(i._FDTree_Insert) for _FDTree_Insert
    heap2.o(i.___Heap_Stats$realtime) refers to heap2.o(i._Heap2_StatsIterate) for _Heap2_StatsIterate
    heap2.o(i.___Heap_Valid$realtime) refers to heap2.o(i._FDIterate) for _FDIterate
    heap2.o(i.___Heap_Valid$realtime) refers to heap2.o(.conststring) for .conststring
    heap2.o(i._free$realtime) refers to rt_heap_descriptor_intlibspace.o(.text) for __rt_heap_descriptor
    heap2.o(i._free$realtime) refers to fdtree.o(i._FDTree_Delete) for _FDTree_Delete
    heap2.o(i._free$realtime) refers to fdtree.o(i._FDTree_Insert) for _FDTree_Insert
    heap2.o(i._malloc$realtime) refers to rt_heap_descriptor_intlibspace.o(.text) for __rt_heap_descriptor
    heap2.o(i._malloc$realtime) refers to fdtree.o(i._FDTree_FindFirst) for _FDTree_FindFirst
    heap2.o(i._malloc$realtime) refers to init_alloc.o(.text) for __Heap_Full
    heap2.o(i._malloc$realtime) refers to fdtree.o(i._FDTree_RemoveNode) for _FDTree_RemoveNode
    heap2.o(i._malloc$realtime) refers to fdtree.o(i._FDTree_Insert) for _FDTree_Insert
    heap2.o(i._posix_memalign$realtime) refers to rt_heap_descriptor_intlibspace.o(.text) for __rt_heap_descriptor
    heap2.o(i._posix_memalign$realtime) refers to fdtree.o(i._FDTree_FindFirst) for _FDTree_FindFirst
    heap2.o(i._posix_memalign$realtime) refers to init_alloc.o(.text) for __Heap_Full
    heap2.o(i._posix_memalign$realtime) refers to fdtree.o(i._FDTree_RemoveNode) for _FDTree_RemoveNode
    heap2.o(i._posix_memalign$realtime) refers to fdtree.o(i._FDTree_Insert) for _FDTree_Insert
    heap2.o(i._realloc$realtime) refers to rt_heap_descriptor_intlibspace.o(.text) for __rt_heap_descriptor
    heap2.o(i._realloc$realtime) refers to fdtree.o(i._FDTree_Insert) for _FDTree_Insert
    heap2.o(i._realloc$realtime) refers to h1_free.o(.text) for free
    heap2.o(i._realloc$realtime) refers to h1_alloc.o(.text) for malloc
    heap2.o(i._realloc$realtime) refers to fdtree.o(i._FDTree_Delete) for _FDTree_Delete
    heap2.o(i._realloc$realtime) refers to rt_memcpy_w.o(.text) for __aeabi_memcpy4
    heap2mt.o(i._FDIterate) refers to heap2mt.o(.conststring) for .conststring
    heap2mt.o(i.___Heap_Initialize$realtime$concurrent) refers to mutex_dummy.o(.text) for _mutex_initialize
    heap2mt.o(i.___Heap_ProvideMemory$realtime$concurrent) refers to fdtree.o(i._FDTree_Delete) for _FDTree_Delete
    heap2mt.o(i.___Heap_ProvideMemory$realtime$concurrent) refers to fdtree.o(i._FDTree_Insert) for _FDTree_Insert
    heap2mt.o(i.___Heap_Stats$realtime$concurrent) refers to heap2mt.o(i._Heap2_StatsIterate) for _Heap2_StatsIterate
    heap2mt.o(i.___Heap_Valid$realtime$concurrent) refers to heap2mt.o(i._FDIterate) for _FDIterate
    heap2mt.o(i.___Heap_Valid$realtime$concurrent) refers to heap2mt.o(.conststring) for .conststring
    heap2mt.o(i._free$realtime$concurrent) refers to rt_heap_descriptor_intlibspace.o(.text) for __rt_heap_descriptor
    heap2mt.o(i._free$realtime$concurrent) refers to fdtree.o(i._FDTree_Delete) for _FDTree_Delete
    heap2mt.o(i._free$realtime$concurrent) refers to fdtree.o(i._FDTree_Insert) for _FDTree_Insert
    heap2mt.o(i._malloc$realtime$concurrent) refers to rt_heap_descriptor_intlibspace.o(.text) for __rt_heap_descriptor
    heap2mt.o(i._malloc$realtime$concurrent) refers to fdtree.o(i._FDTree_FindFirst) for _FDTree_FindFirst
    heap2mt.o(i._malloc$realtime$concurrent) refers to init_alloc.o(.text) for __Heap_Full
    heap2mt.o(i._malloc$realtime$concurrent) refers to fdtree.o(i._FDTree_RemoveNode) for _FDTree_RemoveNode
    heap2mt.o(i._malloc$realtime$concurrent) refers to fdtree.o(i._FDTree_Insert) for _FDTree_Insert
    heap2mt.o(i._posix_memalign$realtime$concurrent) refers to rt_heap_descriptor_intlibspace.o(.text) for __rt_heap_descriptor
    heap2mt.o(i._posix_memalign$realtime$concurrent) refers to fdtree.o(i._FDTree_FindFirst) for _FDTree_FindFirst
    heap2mt.o(i._posix_memalign$realtime$concurrent) refers to init_alloc.o(.text) for __Heap_Full
    heap2mt.o(i._posix_memalign$realtime$concurrent) refers to fdtree.o(i._FDTree_RemoveNode) for _FDTree_RemoveNode
    heap2mt.o(i._posix_memalign$realtime$concurrent) refers to fdtree.o(i._FDTree_Insert) for _FDTree_Insert
    heap2mt.o(i._realloc$realtime$concurrent) refers to rt_heap_descriptor_intlibspace.o(.text) for __rt_heap_descriptor
    heap2mt.o(i._realloc$realtime$concurrent) refers to fdtree.o(i._FDTree_Insert) for _FDTree_Insert
    heap2mt.o(i._realloc$realtime$concurrent) refers to h1_free.o(.text) for free
    heap2mt.o(i._realloc$realtime$concurrent) refers to h1_alloc.o(.text) for malloc
    heap2mt.o(i._realloc$realtime$concurrent) refers to fdtree.o(i._FDTree_Delete) for _FDTree_Delete
    heap2mt.o(i._realloc$realtime$concurrent) refers to rt_memcpy_w.o(.text) for __aeabi_memcpy4
    strtol.o(.text) refers to rt_ctype_table.o(.text) for __rt_ctype_table
    strtol.o(.text) refers to _strtoul.o(.text) for _strtoul
    strtol.o(.text) refers to rt_errno_addr_intlibspace.o(.text) for __aeabi_errno_addr
    strtok.o(.text) refers to strtok_int.o(.text) for __strtok_internal
    strtok.o(.text) refers to strtok.o(.data) for .data
    __main.o(!!!main) refers to __rtentry.o(.ARM.Collect$$rtentry$$00000000) for __rt_entry
    ddiv.o(x$fpl$drdiv) refers (Special) to usenofp.o(x$fpl$usenofp) for __I$use$fp
    ddiv.o(x$fpl$drdiv) refers to ddiv.o(x$fpl$ddiv) for ddiv_entry
    ddiv.o(x$fpl$ddiv) refers (Special) to usenofp.o(x$fpl$usenofp) for __I$use$fp
    ddiv.o(x$fpl$ddiv) refers to dretinf.o(x$fpl$dretinf) for __fpl_dretinf
    ddiv.o(x$fpl$ddiv) refers to dnaninf.o(x$fpl$dnaninf) for __fpl_dnaninf
    dflt_clz.o(x$fpl$dfltu) refers (Special) to usenofp.o(x$fpl$usenofp) for __I$use$fp
    dflt_clz.o(x$fpl$dflt) refers (Special) to usenofp.o(x$fpl$usenofp) for __I$use$fp
    dflt_clz.o(x$fpl$dfltn) refers (Special) to usenofp.o(x$fpl$usenofp) for __I$use$fp
    drleqf.o(x$fpl$drleqf) refers (Special) to usenofp.o(x$fpl$usenofp) for __I$use$fp
    drleqf.o(x$fpl$drleqf) refers to dleqf.o(x$fpl$dleqf) for __fpl_dcmple_InfNaN
    __rtentry.o(.ARM.Collect$$rtentry$$00000000) refers (Special) to __rtentry2.o(.ARM.Collect$$rtentry$$0000000A) for __rt_entry_li
    __rtentry.o(.ARM.Collect$$rtentry$$00000000) refers (Special) to __rtentry2.o(.ARM.Collect$$rtentry$$0000000D) for __rt_entry_main
    __rtentry.o(.ARM.Collect$$rtentry$$00000000) refers (Special) to __rtentry2.o(.ARM.Collect$$rtentry$$0000000C) for __rt_entry_postli_1
    __rtentry.o(.ARM.Collect$$rtentry$$00000000) refers (Special) to __rtentry2.o(.ARM.Collect$$rtentry$$00000009) for __rt_entry_postsh_1
    __rtentry.o(.ARM.Collect$$rtentry$$00000000) refers (Special) to __rtentry2.o(.ARM.Collect$$rtentry$$00000002) for __rt_entry_presh_1
    __rtentry.o(.ARM.Collect$$rtentry$$00000000) refers (Special) to __rtentry4.o(.ARM.Collect$$rtentry$$00000004) for __rt_entry_sh
    rt_ctype_table.o(.text) refers to rt_locale_intlibspace.o(.text) for __rt_locale
    rt_ctype_table.o(.text) refers to lc_ctype_c.o(locale$$code) for _get_lc_ctype
    rt_heap_descriptor.o(.text) refers to rt_heap_descriptor.o(.bss) for __rt_heap_descriptor_data
    rt_heap_descriptor_intlibspace.o(.text) refers to libspace.o(.bss) for __libspace_start
    rt_errno_addr.o(.text) refers to rt_errno_addr.o(.bss) for __aeabi_errno_addr_data
    rt_errno_addr_intlibspace.o(.text) refers to libspace.o(.bss) for __libspace_start
    init_alloc.o(.text) refers (Special) to hguard.o(.text) for __heap$guard
    init_alloc.o(.text) refers (Special) to libinit2.o(.ARM.Collect$$libinit$$00000005) for __rt_lib_init_heap_2
    init_alloc.o(.text) refers (Special) to maybetermalloc1.o(.emb_text) for _maybe_terminate_alloc
    init_alloc.o(.text) refers to h1_extend.o(.text) for __Heap_ProvideMemory
    init_alloc.o(.text) refers to defsig_rtmem_outer.o(.text) for __rt_SIGRTMEM
    init_alloc.o(.text) refers to rt_heap_descriptor_intlibspace.o(.text) for __rt_heap_descriptor
    init_alloc.o(.text) refers to h1_init.o(.text) for __Heap_Initialize
    h1_init_mt.o(.text) refers to mutex_dummy.o(.text) for _mutex_initialize
    _strtoul.o(.text) refers to _chval.o(.text) for _chval
    _strtoul.o(.text) refers to rt_errno_addr_intlibspace.o(.text) for __aeabi_errno_addr
    strtok_int.o(.text) refers to strspn.o(.text) for strspn
    strtok_int.o(.text) refers to strcspn.o(.text) for strcspn
    _get_argv.o(.text) refers (Special) to hrguard.o(.text) for __heap_region$guard
    _get_argv.o(.text) refers to h1_alloc.o(.text) for malloc
    _get_argv.o(.text) refers to defsig_rtmem_outer.o(.text) for __rt_SIGRTMEM
    _get_argv.o(.text) refers to sys_command.o(.text) for _sys_command_string
    libinit2.o(.ARM.Collect$$libinit$$00000005) refers (Weak) to init_alloc.o(.text) for _init_alloc
    libinit2.o(.ARM.Collect$$libinit$$0000000F) refers (Weak) to rt_locale_intlibspace.o(.text) for __rt_locale
    libinit2.o(.ARM.Collect$$libinit$$00000010) refers to libinit2.o(.ARM.Collect$$libinit$$0000000F) for .ARM.Collect$$libinit$$0000000F
    libinit2.o(.ARM.Collect$$libinit$$00000012) refers to libinit2.o(.ARM.Collect$$libinit$$0000000F) for .ARM.Collect$$libinit$$0000000F
    libinit2.o(.ARM.Collect$$libinit$$00000012) refers (Weak) to lc_ctype_c.o(locale$$code) for _get_lc_ctype
    libinit2.o(.ARM.Collect$$libinit$$00000014) refers to libinit2.o(.ARM.Collect$$libinit$$0000000F) for .ARM.Collect$$libinit$$0000000F
    libinit2.o(.ARM.Collect$$libinit$$00000016) refers to libinit2.o(.ARM.Collect$$libinit$$0000000F) for .ARM.Collect$$libinit$$0000000F
    libinit2.o(.ARM.Collect$$libinit$$00000018) refers to libinit2.o(.ARM.Collect$$libinit$$0000000F) for .ARM.Collect$$libinit$$0000000F
    libinit2.o(.ARM.Collect$$libinit$$00000026) refers to argv_veneer.o(.emb_text) for __ARM_argv_veneer
    libinit2.o(.ARM.Collect$$libinit$$00000027) refers to argv_veneer.o(.emb_text) for __ARM_argv_veneer
    dleqf.o(x$fpl$dleqf) refers (Special) to usenofp.o(x$fpl$usenofp) for __I$use$fp
    dleqf.o(x$fpl$dleqf) refers to dnaninf.o(x$fpl$dnaninf) for __fpl_dnaninf
    dleqf.o(x$fpl$dleqf) refers to dcmpi.o(x$fpl$dcmpinf) for __fpl_dcmp_Inf
    dnaninf.o(x$fpl$dnaninf) refers (Special) to usenofp.o(x$fpl$usenofp) for __I$use$fp
    dretinf.o(x$fpl$dretinf) refers (Special) to usenofp.o(x$fpl$usenofp) for __I$use$fp
    sys_command.o(.text) refers (Special) to use_no_semi.o(.text) for __I$use$semihosting
    sys_command.o(.text) refers (Special) to indicate_semi.o(.text) for __semihosting_library_function
    libspace.o(.text) refers to libspace.o(.bss) for __libspace_start
    __rtentry2.o(.ARM.Collect$$rtentry$$00000008) refers to boardinit2.o(.text) for _platform_post_stackheap_init
    __rtentry2.o(.ARM.Collect$$rtentry$$0000000A) refers to libinit.o(.ARM.Collect$$libinit$$00000000) for __rt_lib_init
    __rtentry2.o(.ARM.Collect$$rtentry$$0000000B) refers to boardinit3.o(.text) for _platform_post_lib_init
    __rtentry2.o(.ARM.Collect$$rtentry$$0000000D) refers to main.o(i.main) for main
    __rtentry2.o(.ARM.Collect$$rtentry$$0000000D) refers to exit.o(.text) for exit
    __rtentry2.o(.ARM.exidx) refers to __rtentry2.o(.ARM.Collect$$rtentry$$00000001) for .ARM.Collect$$rtentry$$00000001
    __rtentry2.o(.ARM.exidx) refers to __rtentry2.o(.ARM.Collect$$rtentry$$00000008) for .ARM.Collect$$rtentry$$00000008
    __rtentry2.o(.ARM.exidx) refers to __rtentry2.o(.ARM.Collect$$rtentry$$0000000A) for .ARM.Collect$$rtentry$$0000000A
    __rtentry2.o(.ARM.exidx) refers to __rtentry2.o(.ARM.Collect$$rtentry$$0000000B) for .ARM.Collect$$rtentry$$0000000B
    __rtentry2.o(.ARM.exidx) refers to __rtentry2.o(.ARM.Collect$$rtentry$$0000000D) for .ARM.Collect$$rtentry$$0000000D
    __rtentry4.o(.ARM.Collect$$rtentry$$00000004) refers to sys_stackheap_outer.o(.text) for __user_setup_stackheap
    __rtentry4.o(.ARM.exidx) refers to __rtentry4.o(.ARM.Collect$$rtentry$$00000004) for .ARM.Collect$$rtentry$$00000004
    rt_locale.o(.text) refers to rt_locale.o(.bss) for __rt_locale_data
    rt_locale_intlibspace.o(.text) refers to libspace.o(.bss) for __libspace_start
    maybetermalloc2.o(.emb_text) refers (Special) to term_alloc.o(.text) for _terminate_alloc
    h1_extend.o(.text) refers to h1_free.o(.text) for free
    h1_extend_mt.o(.text) refers to h1_free_mt.o(.text) for _free_internal
    lc_ctype_c.o(locale$$data) refers (Special) to libinit2.o(.ARM.Collect$$libinit$$00000012) for __rt_lib_init_lc_ctype_2
    lc_ctype_c.o(locale$$code) refers (Special) to libinit2.o(.ARM.Collect$$libinit$$00000012) for __rt_lib_init_lc_ctype_2
    lc_ctype_c.o(locale$$code) refers to strcmpv7m.o(.text) for strcmp
    lc_ctype_c.o(locale$$code) refers to lc_ctype_c.o(locale$$data) for __lcctype_c_name
    defsig_rtmem_outer.o(.text) refers to defsig_rtmem_inner.o(.text) for __rt_SIGRTMEM_inner
    defsig_rtmem_outer.o(.text) refers to defsig_exit.o(.text) for __sig_exit
    defsig_rtmem_formal.o(.text) refers to rt_raise.o(.text) for __rt_raise
    heapauxa.o(.text) refers to heapauxa.o(.data) for .data
    argv_veneer.o(.emb_text) refers to no_argv.o(.text) for __ARM_get_argv
    dcmpi.o(x$fpl$dcmpinf) refers (Special) to usenofp.o(x$fpl$usenofp) for __I$use$fp
    sys_stackheap_outer.o(.text) refers to libspace.o(.text) for __user_perproc_libspace
    sys_stackheap_outer.o(.text) refers to startup_stm32l1xx_mdp.o(.text) for __user_initial_stackheap
    rt_raise.o(.text) refers to __raise.o(.text) for __raise
    rt_raise.o(.text) refers to sys_exit.o(.text) for _sys_exit
    term_alloc.o(.text) refers (Special) to libshutdown2.o(.ARM.Collect$$libshutdown$$0000000D) for __rt_lib_shutdown_heap_2
    term_alloc.o(.text) refers to rt_heap_descriptor_intlibspace.o(.text) for __rt_heap_descriptor
    term_alloc.o(.text) refers to h1_final.o(.text) for __Heap_Finalize
    exit.o(.text) refers to rtexit.o(.ARM.Collect$$rtexit$$00000000) for __rt_exit
    defsig_exit.o(.text) refers to sys_exit.o(.text) for _sys_exit
    defsig_rtmem_inner.o(.text) refers to defsig_general.o(.text) for __default_signal_display
    _get_argv_nomalloc.o(.text) refers (Special) to hrguard.o(.text) for __heap_region$guard
    _get_argv_nomalloc.o(.text) refers to defsig_rtmem_outer.o(.text) for __rt_SIGRTMEM
    _get_argv_nomalloc.o(.text) refers to sys_command.o(.text) for _sys_command_string
    libinit.o(.ARM.Collect$$libinit$$00000000) refers (Special) to libinit2.o(.ARM.Collect$$libinit$$0000002E) for __rt_lib_init_alloca_1
    libinit.o(.ARM.Collect$$libinit$$00000000) refers (Special) to libinit2.o(.ARM.Collect$$libinit$$0000002C) for __rt_lib_init_argv_1
    libinit.o(.ARM.Collect$$libinit$$00000000) refers (Special) to libinit2.o(.ARM.Collect$$libinit$$0000001B) for __rt_lib_init_atexit_1
    libinit.o(.ARM.Collect$$libinit$$00000000) refers (Special) to libinit2.o(.ARM.Collect$$libinit$$00000021) for __rt_lib_init_clock_1
    libinit.o(.ARM.Collect$$libinit$$00000000) refers (Special) to libinit2.o(.ARM.Collect$$libinit$$00000032) for __rt_lib_init_cpp_1
    libinit.o(.ARM.Collect$$libinit$$00000000) refers (Special) to libinit2.o(.ARM.Collect$$libinit$$00000030) for __rt_lib_init_exceptions_1
    libinit.o(.ARM.Collect$$libinit$$00000000) refers (Special) to libinit2.o(.ARM.Collect$$libinit$$00000002) for __rt_lib_init_fp_1
    libinit.o(.ARM.Collect$$libinit$$00000000) refers (Special) to libinit2.o(.ARM.Collect$$libinit$$0000001F) for __rt_lib_init_fp_trap_1
    libinit.o(.ARM.Collect$$libinit$$00000000) refers (Special) to libinit2.o(.ARM.Collect$$libinit$$00000023) for __rt_lib_init_getenv_1
    libinit.o(.ARM.Collect$$libinit$$00000000) refers (Special) to libinit2.o(.ARM.Collect$$libinit$$0000000A) for __rt_lib_init_heap_1
    libinit.o(.ARM.Collect$$libinit$$00000000) refers (Special) to libinit2.o(.ARM.Collect$$libinit$$00000011) for __rt_lib_init_lc_collate_1
    libinit.o(.ARM.Collect$$libinit$$00000000) refers (Special) to libinit2.o(.ARM.Collect$$libinit$$00000013) for __rt_lib_init_lc_ctype_1
    libinit.o(.ARM.Collect$$libinit$$00000000) refers (Special) to libinit2.o(.ARM.Collect$$libinit$$00000015) for __rt_lib_init_lc_monetary_1
    libinit.o(.ARM.Collect$$libinit$$00000000) refers (Special) to libinit2.o(.ARM.Collect$$libinit$$00000017) for __rt_lib_init_lc_numeric_1
    libinit.o(.ARM.Collect$$libinit$$00000000) refers (Special) to libinit2.o(.ARM.Collect$$libinit$$00000019) for __rt_lib_init_lc_time_1
    libinit.o(.ARM.Collect$$libinit$$00000000) refers (Special) to libinit2.o(.ARM.Collect$$libinit$$00000004) for __rt_lib_init_preinit_1
    libinit.o(.ARM.Collect$$libinit$$00000000) refers (Special) to libinit2.o(.ARM.Collect$$libinit$$0000000E) for __rt_lib_init_rand_1
    libinit.o(.ARM.Collect$$libinit$$00000000) refers (Special) to libinit2.o(.ARM.Collect$$libinit$$00000033) for __rt_lib_init_return
    libinit.o(.ARM.Collect$$libinit$$00000000) refers (Special) to libinit2.o(.ARM.Collect$$libinit$$0000001D) for __rt_lib_init_signal_1
    libinit.o(.ARM.Collect$$libinit$$00000000) refers (Special) to libinit2.o(.ARM.Collect$$libinit$$00000025) for __rt_lib_init_stdio_1
    libinit.o(.ARM.Collect$$libinit$$00000000) refers (Special) to libinit2.o(.ARM.Collect$$libinit$$0000000C) for __rt_lib_init_user_alloc_1
    sys_exit.o(.text) refers (Special) to use_no_semi.o(.text) for __I$use$semihosting
    sys_exit.o(.text) refers (Special) to indicate_semi.o(.text) for __semihosting_library_function
    rtexit.o(.ARM.Collect$$rtexit$$00000000) refers (Special) to rtexit2.o(.ARM.Collect$$rtexit$$00000004) for __rt_exit_exit
    rtexit.o(.ARM.Collect$$rtexit$$00000000) refers (Special) to rtexit2.o(.ARM.Collect$$rtexit$$00000003) for __rt_exit_ls
    rtexit.o(.ARM.Collect$$rtexit$$00000000) refers (Special) to rtexit2.o(.ARM.Collect$$rtexit$$00000002) for __rt_exit_prels_1
    rtexit.o(.ARM.exidx) refers (Special) to rtexit2.o(.ARM.Collect$$rtexit$$00000004) for __rt_exit_exit
    rtexit.o(.ARM.exidx) refers (Special) to rtexit2.o(.ARM.Collect$$rtexit$$00000003) for __rt_exit_ls
    rtexit.o(.ARM.exidx) refers (Special) to rtexit2.o(.ARM.Collect$$rtexit$$00000002) for __rt_exit_prels_1
    rtexit.o(.ARM.exidx) refers to rtexit.o(.ARM.Collect$$rtexit$$00000000) for .ARM.Collect$$rtexit$$00000000
    __raise.o(.text) refers to defsig.o(CL$$defsig) for __default_signal_handler
    defsig_general.o(.text) refers to sys_wrch.o(.text) for _ttywrch
    libshutdown2.o(.ARM.Collect$$libshutdown$$0000000C) refers (Weak) to term_alloc.o(.text) for _terminate_alloc
    sys_wrch.o(.text) refers (Special) to use_no_semi.o(.text) for __I$use$semihosting
    sys_wrch.o(.text) refers (Special) to indicate_semi.o(.text) for __semihosting_library_function
    rtexit2.o(.ARM.Collect$$rtexit$$00000003) refers to libshutdown.o(.ARM.Collect$$libshutdown$$00000000) for __rt_lib_shutdown
    rtexit2.o(.ARM.Collect$$rtexit$$00000004) refers to sys_exit.o(.text) for _sys_exit
    rtexit2.o(.ARM.exidx) refers to rtexit2.o(.ARM.Collect$$rtexit$$00000001) for .ARM.Collect$$rtexit$$00000001
    rtexit2.o(.ARM.exidx) refers to rtexit2.o(.ARM.Collect$$rtexit$$00000003) for .ARM.Collect$$rtexit$$00000003
    rtexit2.o(.ARM.exidx) refers to rtexit2.o(.ARM.Collect$$rtexit$$00000004) for .ARM.Collect$$rtexit$$00000004
    defsig.o(CL$$defsig) refers to defsig_rtmem_inner.o(.text) for __rt_SIGRTMEM_inner
    defsig_abrt_inner.o(.text) refers to defsig_general.o(.text) for __default_signal_display
    defsig_fpe_inner.o(.text) refers to defsig_general.o(.text) for __default_signal_display
    defsig_rtred_inner.o(.text) refers to defsig_general.o(.text) for __default_signal_display
    defsig_stak_inner.o(.text) refers to defsig_general.o(.text) for __default_signal_display
    defsig_pvfn_inner.o(.text) refers to defsig_general.o(.text) for __default_signal_display
    defsig_cppl_inner.o(.text) refers to defsig_general.o(.text) for __default_signal_display
    defsig_segv_inner.o(.text) refers to defsig_general.o(.text) for __default_signal_display
    defsig_other.o(.text) refers to defsig_general.o(.text) for __default_signal_display
    libshutdown.o(.ARM.Collect$$libshutdown$$00000000) refers (Special) to libshutdown2.o(.ARM.Collect$$libshutdown$$00000006) for __rt_lib_shutdown_fp_trap_1
    libshutdown.o(.ARM.Collect$$libshutdown$$00000000) refers (Special) to libshutdown2.o(.ARM.Collect$$libshutdown$$0000000E) for __rt_lib_shutdown_heap_1
    libshutdown.o(.ARM.Collect$$libshutdown$$00000000) refers (Special) to libshutdown2.o(.ARM.Collect$$libshutdown$$0000000F) for __rt_lib_shutdown_return
    libshutdown.o(.ARM.Collect$$libshutdown$$00000000) refers (Special) to libshutdown2.o(.ARM.Collect$$libshutdown$$00000009) for __rt_lib_shutdown_signal_1
    libshutdown.o(.ARM.Collect$$libshutdown$$00000000) refers (Special) to libshutdown2.o(.ARM.Collect$$libshutdown$$00000003) for __rt_lib_shutdown_stdio_1
    libshutdown.o(.ARM.Collect$$libshutdown$$00000000) refers (Special) to libshutdown2.o(.ARM.Collect$$libshutdown$$0000000B) for __rt_lib_shutdown_user_alloc_1


==============================================================================

Removing Unused input sections from the image.

    Removing main.o(.rev16_text), (4 bytes).
    Removing main.o(.revsh_text), (4 bytes).
    Removing main.o(.rrx_text), (6 bytes).
    Removing system_stm32l1xx.o(.rev16_text), (4 bytes).
    Removing system_stm32l1xx.o(.revsh_text), (4 bytes).
    Removing system_stm32l1xx.o(.rrx_text), (6 bytes).
    Removing system_stm32l1xx.o(i.SystemCoreClockUpdate), (220 bytes).
    Removing system_stm32l1xx.o(.data), (29 bytes).

8 unused section(s) (total 277 bytes) removed from the image.

==============================================================================

Image Symbol Table

    Local Symbols

    Symbol Name                              Value     Ov Type        Size  Object(Section)

    ../clib/angel/boardlib.s                 0x00000000   Number         0  boardinit3.o ABSOLUTE
    ../clib/angel/boardlib.s                 0x00000000   Number         0  boardshut.o ABSOLUTE
    ../clib/angel/boardlib.s                 0x00000000   Number         0  boardinit2.o ABSOLUTE
    ../clib/angel/boardlib.s                 0x00000000   Number         0  boardinit1.o ABSOLUTE
    ../clib/angel/handlers.s                 0x00000000   Number         0  __scatter_zi.o ABSOLUTE
    ../clib/angel/handlers.s                 0x00000000   Number         0  __scatter_copy.o ABSOLUTE
    ../clib/angel/kernel.s                   0x00000000   Number         0  rtexit2.o ABSOLUTE
    ../clib/angel/kernel.s                   0x00000000   Number         0  __rtentry2.o ABSOLUTE
    ../clib/angel/kernel.s                   0x00000000   Number         0  __rtentry4.o ABSOLUTE
    ../clib/angel/kernel.s                   0x00000000   Number         0  __rtentry.o ABSOLUTE
    ../clib/angel/kernel.s                   0x00000000   Number         0  rtexit.o ABSOLUTE
    ../clib/angel/rt.s                       0x00000000   Number         0  rt_locale_intlibspace.o ABSOLUTE
    ../clib/angel/rt.s                       0x00000000   Number         0  rt_errno_addr_intlibspace.o ABSOLUTE
    ../clib/angel/rt.s                       0x00000000   Number         0  rt_errno_addr.o ABSOLUTE
    ../clib/angel/rt.s                       0x00000000   Number         0  rt_heap_descriptor_intlibspace.o ABSOLUTE
    ../clib/angel/rt.s                       0x00000000   Number         0  rt_heap_descriptor.o ABSOLUTE
    ../clib/angel/rt.s                       0x00000000   Number         0  rt_ctype_table.o ABSOLUTE
    ../clib/angel/rt.s                       0x00000000   Number         0  rt_raise.o ABSOLUTE
    ../clib/angel/rt.s                       0x00000000   Number         0  rt_locale.o ABSOLUTE
    ../clib/angel/scatter.s                  0x00000000   Number         0  __scatter.o ABSOLUTE
    ../clib/angel/startup.s                  0x00000000   Number         0  __main.o ABSOLUTE
    ../clib/angel/sys.s                      0x00000000   Number         0  libspace.o ABSOLUTE
    ../clib/angel/sys.s                      0x00000000   Number         0  use_no_semi.o ABSOLUTE
    ../clib/angel/sys.s                      0x00000000   Number         0  sys_stackheap_outer.o ABSOLUTE
    ../clib/angel/sys.s                      0x00000000   Number         0  indicate_semi.o ABSOLUTE
    ../clib/angel/sys.s                      0x00000000   Number         0  mutex_dummy.o ABSOLUTE
    ../clib/angel/sysapp.c                   0x00000000   Number         0  sys_exit.o ABSOLUTE
    ../clib/angel/sysapp.c                   0x00000000   Number         0  sys_command.o ABSOLUTE
    ../clib/angel/sysapp.c                   0x00000000   Number         0  sys_wrch.o ABSOLUTE
    ../clib/armsys.c                         0x00000000   Number         0  no_argv.o ABSOLUTE
    ../clib/armsys.c                         0x00000000   Number         0  _get_argv_nomalloc.o ABSOLUTE
    ../clib/armsys.c                         0x00000000   Number         0  argv_veneer.o ABSOLUTE
    ../clib/armsys.c                         0x00000000   Number         0  _get_argv.o ABSOLUTE
    ../clib/armsys.c                         0x00000000   Number         0  argv_veneer.o ABSOLUTE
    ../clib/heap1.c                          0x00000000   Number         0  h1_free.o ABSOLUTE
    ../clib/heap1.c                          0x00000000   Number         0  h1_init_mt.o ABSOLUTE
    ../clib/heap1.c                          0x00000000   Number         0  h1_final_mt.o ABSOLUTE
    ../clib/heap1.c                          0x00000000   Number         0  h1_final.o ABSOLUTE
    ../clib/heap1.c                          0x00000000   Number         0  h1_extend.o ABSOLUTE
    ../clib/heap1.c                          0x00000000   Number         0  h1_alloc.o ABSOLUTE
    ../clib/heap1.c                          0x00000000   Number         0  h1_init.o ABSOLUTE
    ../clib/heap1.c                          0x00000000   Number         0  h1_extend_mt.o ABSOLUTE
    ../clib/heap1.c                          0x00000000   Number         0  h1_alloc_mt.o ABSOLUTE
    ../clib/heap1.c                          0x00000000   Number         0  h1_free_mt.o ABSOLUTE
    ../clib/heap2.c                          0x00000000   Number         0  fdtree.o ABSOLUTE
    ../clib/heap2.c                          0x00000000   Number         0  heap2.o ABSOLUTE
    ../clib/heap2.c                          0x00000000   Number         0  heap2mt.o ABSOLUTE
    ../clib/heapalloc.c                      0x00000000   Number         0  maybetermalloc2.o ABSOLUTE
    ../clib/heapalloc.c                      0x00000000   Number         0  free.o ABSOLUTE
    ../clib/heapalloc.c                      0x00000000   Number         0  hguard.o ABSOLUTE
    ../clib/heapalloc.c                      0x00000000   Number         0  heapstubs.o ABSOLUTE
    ../clib/heapalloc.c                      0x00000000   Number         0  term_alloc.o ABSOLUTE
    ../clib/heapalloc.c                      0x00000000   Number         0  init_alloc.o ABSOLUTE
    ../clib/heapalloc.c                      0x00000000   Number         0  maybetermalloc2.o ABSOLUTE
    ../clib/heapalloc.c                      0x00000000   Number         0  maybetermalloc1.o ABSOLUTE
    ../clib/heapalloc.c                      0x00000000   Number         0  maybetermalloc1.o ABSOLUTE
    ../clib/heapalloc.c                      0x00000000   Number         0  hrguard.o ABSOLUTE
    ../clib/heapalloc.c                      0x00000000   Number         0  malloc.o ABSOLUTE
    ../clib/heapaux.c                        0x00000000   Number         0  heapauxi.o ABSOLUTE
    ../clib/heapaux.c                        0x00000000   Number         0  heapauxa.o ABSOLUTE
    ../clib/libinit.s                        0x00000000   Number         0  libshutdown.o ABSOLUTE
    ../clib/libinit.s                        0x00000000   Number         0  libshutdown2.o ABSOLUTE
    ../clib/libinit.s                        0x00000000   Number         0  libinit.o ABSOLUTE
    ../clib/libinit.s                        0x00000000   Number         0  libinit2.o ABSOLUTE
    ../clib/locale.s                         0x00000000   Number         0  lc_ctype_c.o ABSOLUTE
    ../clib/memcpset.s                       0x00000000   Number         0  strcmpv7m.o ABSOLUTE
    ../clib/memcpset.s                       0x00000000   Number         0  rt_memcpy_w.o ABSOLUTE
    ../clib/scanf.c                          0x00000000   Number         0  _strtoul.o ABSOLUTE
    ../clib/scanf.c                          0x00000000   Number         0  strtol.o ABSOLUTE
    ../clib/scanf.c                          0x00000000   Number         0  _chval.o ABSOLUTE
    ../clib/signal.c                         0x00000000   Number         0  defsig_rtred_inner.o ABSOLUTE
    ../clib/signal.c                         0x00000000   Number         0  defsig_fpe_inner.o ABSOLUTE
    ../clib/signal.c                         0x00000000   Number         0  defsig_rtmem_formal.o ABSOLUTE
    ../clib/signal.c                         0x00000000   Number         0  defsig_rtmem_outer.o ABSOLUTE
    ../clib/signal.c                         0x00000000   Number         0  defsig_abrt_inner.o ABSOLUTE
    ../clib/signal.c                         0x00000000   Number         0  defsig_general.o ABSOLUTE
    ../clib/signal.c                         0x00000000   Number         0  __raise.o ABSOLUTE
    ../clib/signal.c                         0x00000000   Number         0  defsig_rtmem_inner.o ABSOLUTE
    ../clib/signal.c                         0x00000000   Number         0  defsig_exit.o ABSOLUTE
    ../clib/signal.c                         0x00000000   Number         0  defsig_segv_inner.o ABSOLUTE
    ../clib/signal.c                         0x00000000   Number         0  defsig_other.o ABSOLUTE
    ../clib/signal.c                         0x00000000   Number         0  defsig_cppl_inner.o ABSOLUTE
    ../clib/signal.c                         0x00000000   Number         0  defsig_pvfn_inner.o ABSOLUTE
    ../clib/signal.c                         0x00000000   Number         0  defsig_stak_inner.o ABSOLUTE
    ../clib/signal.s                         0x00000000   Number         0  defsig.o ABSOLUTE
    ../clib/stdlib.c                         0x00000000   Number         0  exit.o ABSOLUTE
    ../clib/string.c                         0x00000000   Number         0  strtok_int.o ABSOLUTE
    ../clib/string.c                         0x00000000   Number         0  strlen.o ABSOLUTE
    ../clib/string.c                         0x00000000   Number         0  strspn.o ABSOLUTE
    ../clib/string.c                         0x00000000   Number         0  strtok.o ABSOLUTE
    ../clib/string.c                         0x00000000   Number         0  strcspn.o ABSOLUTE
    ../fplib/dcmpi.s                         0x00000000   Number         0  dcmpi.o ABSOLUTE
    ../fplib/ddiv.s                          0x00000000   Number         0  ddiv.o ABSOLUTE
    ../fplib/dflt.s                          0x00000000   Number         0  dflt_clz.o ABSOLUTE
    ../fplib/dleqf.s                         0x00000000   Number         0  dleqf.o ABSOLUTE
    ../fplib/dnaninf.s                       0x00000000   Number         0  dnaninf.o ABSOLUTE
    ../fplib/dretinf.s                       0x00000000   Number         0  dretinf.o ABSOLUTE
    ../fplib/drleqf.s                        0x00000000   Number         0  drleqf.o ABSOLUTE
    ../fplib/fpinit.s                        0x00000000   Number         0  fpinit.o ABSOLUTE
    ../fplib/usenofp.s                       0x00000000   Number         0  usenofp.o ABSOLUTE
    RTE\Device\STM32L100RC\startup_stm32l1xx_mdp.s 0x00000000   Number         0  startup_stm32l1xx_mdp.o ABSOLUTE
    RTE\Device\STM32L100RC\system_stm32l1xx.c 0x00000000   Number         0  system_stm32l1xx.o ABSOLUTE
    RTE\\Device\\STM32L100RC\\system_stm32l1xx.c 0x00000000   Number         0  system_stm32l1xx.o ABSOLUTE
    dc.s                                     0x00000000   Number         0  dc.o ABSOLUTE
    main.c                                   0x00000000   Number         0  main.o ABSOLUTE
    main.c                                   0x00000000   Number         0  main.o ABSOLUTE
    RESET                                    0x08000000   Section      292  startup_stm32l1xx_mdp.o(RESET)
    !!!main                                  0x08000124   Section        8  __main.o(!!!main)
    !!!scatter                               0x0800012c   Section       52  __scatter.o(!!!scatter)
    !!handler_copy                           0x08000160   Section       26  __scatter_copy.o(!!handler_copy)
    !!handler_zi                             0x0800017c   Section       28  __scatter_zi.o(!!handler_zi)
    .ARM.Collect$$libinit$$00000000          0x08000198   Section        2  libinit.o(.ARM.Collect$$libinit$$00000000)
    .ARM.Collect$$libinit$$00000002          0x0800019a   Section        0  libinit2.o(.ARM.Collect$$libinit$$00000002)
    .ARM.Collect$$libinit$$00000004          0x0800019a   Section        0  libinit2.o(.ARM.Collect$$libinit$$00000004)
    .ARM.Collect$$libinit$$00000005          0x0800019a   Section        8  libinit2.o(.ARM.Collect$$libinit$$00000005)
    .ARM.Collect$$libinit$$0000000A          0x080001a2   Section        0  libinit2.o(.ARM.Collect$$libinit$$0000000A)
    .ARM.Collect$$libinit$$0000000C          0x080001a2   Section        0  libinit2.o(.ARM.Collect$$libinit$$0000000C)
    .ARM.Collect$$libinit$$0000000E          0x080001a2   Section        0  libinit2.o(.ARM.Collect$$libinit$$0000000E)
    .ARM.Collect$$libinit$$0000000F          0x080001a2   Section        6  libinit2.o(.ARM.Collect$$libinit$$0000000F)
    .ARM.Collect$$libinit$$00000011          0x080001a8   Section        0  libinit2.o(.ARM.Collect$$libinit$$00000011)
    .ARM.Collect$$libinit$$00000012          0x080001a8   Section       12  libinit2.o(.ARM.Collect$$libinit$$00000012)
    .ARM.Collect$$libinit$$00000013          0x080001b4   Section        0  libinit2.o(.ARM.Collect$$libinit$$00000013)
    .ARM.Collect$$libinit$$00000015          0x080001b4   Section        0  libinit2.o(.ARM.Collect$$libinit$$00000015)
    .ARM.Collect$$libinit$$00000017          0x080001b4   Section        0  libinit2.o(.ARM.Collect$$libinit$$00000017)
    .ARM.Collect$$libinit$$00000019          0x080001b4   Section        0  libinit2.o(.ARM.Collect$$libinit$$00000019)
    .ARM.Collect$$libinit$$0000001B          0x080001b4   Section        0  libinit2.o(.ARM.Collect$$libinit$$0000001B)
    .ARM.Collect$$libinit$$0000001D          0x080001b4   Section        0  libinit2.o(.ARM.Collect$$libinit$$0000001D)
    .ARM.Collect$$libinit$$0000001F          0x080001b4   Section        0  libinit2.o(.ARM.Collect$$libinit$$0000001F)
    .ARM.Collect$$libinit$$00000021          0x080001b4   Section        0  libinit2.o(.ARM.Collect$$libinit$$00000021)
    .ARM.Collect$$libinit$$00000023          0x080001b4   Section        0  libinit2.o(.ARM.Collect$$libinit$$00000023)
    .ARM.Collect$$libinit$$00000025          0x080001b4   Section        0  libinit2.o(.ARM.Collect$$libinit$$00000025)
    .ARM.Collect$$libinit$$0000002C          0x080001b4   Section        0  libinit2.o(.ARM.Collect$$libinit$$0000002C)
    .ARM.Collect$$libinit$$0000002E          0x080001b4   Section        0  libinit2.o(.ARM.Collect$$libinit$$0000002E)
    .ARM.Collect$$libinit$$00000030          0x080001b4   Section        0  libinit2.o(.ARM.Collect$$libinit$$00000030)
    .ARM.Collect$$libinit$$00000032          0x080001b4   Section        0  libinit2.o(.ARM.Collect$$libinit$$00000032)
    .ARM.Collect$$libinit$$00000033          0x080001b4   Section        2  libinit2.o(.ARM.Collect$$libinit$$00000033)
    .ARM.Collect$$libshutdown$$00000000      0x080001b6   Section        2  libshutdown.o(.ARM.Collect$$libshutdown$$00000000)
    .ARM.Collect$$libshutdown$$00000003      0x080001b8   Section        0  libshutdown2.o(.ARM.Collect$$libshutdown$$00000003)
    .ARM.Collect$$libshutdown$$00000006      0x080001b8   Section        0  libshutdown2.o(.ARM.Collect$$libshutdown$$00000006)
    .ARM.Collect$$libshutdown$$00000009      0x080001b8   Section        0  libshutdown2.o(.ARM.Collect$$libshutdown$$00000009)
    .ARM.Collect$$libshutdown$$0000000B      0x080001b8   Section        0  libshutdown2.o(.ARM.Collect$$libshutdown$$0000000B)
    .ARM.Collect$$libshutdown$$0000000E      0x080001b8   Section        0  libshutdown2.o(.ARM.Collect$$libshutdown$$0000000E)
    .ARM.Collect$$libshutdown$$0000000F      0x080001b8   Section        2  libshutdown2.o(.ARM.Collect$$libshutdown$$0000000F)
    .ARM.Collect$$rtentry$$00000000          0x080001ba   Section        0  __rtentry.o(.ARM.Collect$$rtentry$$00000000)
    .ARM.Collect$$rtentry$$00000002          0x080001ba   Section        0  __rtentry2.o(.ARM.Collect$$rtentry$$00000002)
    .ARM.Collect$$rtentry$$00000004          0x080001ba   Section        6  __rtentry4.o(.ARM.Collect$$rtentry$$00000004)
    .ARM.Collect$$rtentry$$00000009          0x080001c0   Section        0  __rtentry2.o(.ARM.Collect$$rtentry$$00000009)
    .ARM.Collect$$rtentry$$0000000A          0x080001c0   Section        4  __rtentry2.o(.ARM.Collect$$rtentry$$0000000A)
    .ARM.Collect$$rtentry$$0000000C          0x080001c4   Section        0  __rtentry2.o(.ARM.Collect$$rtentry$$0000000C)
    .ARM.Collect$$rtentry$$0000000D          0x080001c4   Section        8  __rtentry2.o(.ARM.Collect$$rtentry$$0000000D)
    .ARM.Collect$$rtexit$$00000000           0x080001cc   Section        2  rtexit.o(.ARM.Collect$$rtexit$$00000000)
    .ARM.Collect$$rtexit$$00000002           0x080001ce   Section        0  rtexit2.o(.ARM.Collect$$rtexit$$00000002)
    .ARM.Collect$$rtexit$$00000003           0x080001ce   Section        4  rtexit2.o(.ARM.Collect$$rtexit$$00000003)
    .ARM.Collect$$rtexit$$00000004           0x080001d2   Section        6  rtexit2.o(.ARM.Collect$$rtexit$$00000004)
    .emb_text                                0x080001d8   Section        0  maybetermalloc1.o(.emb_text)
    .text                                    0x080001d8   Section       64  startup_stm32l1xx_mdp.o(.text)
    .text                                    0x08000218   Section        0  h1_alloc.o(.text)
    .text                                    0x08000276   Section        0  h1_free.o(.text)
    .text                                    0x080002c4   Section        0  strtol.o(.text)
    .text                                    0x08000334   Section        0  strtok.o(.text)
    .text                                    0x08000340   Section        0  strlen.o(.text)
    .text                                    0x0800037e   Section        0  heapauxi.o(.text)
    .text                                    0x08000384   Section       16  rt_ctype_table.o(.text)
    .text                                    0x08000394   Section        8  rt_heap_descriptor_intlibspace.o(.text)
    .text                                    0x0800039c   Section        8  rt_errno_addr_intlibspace.o(.text)
    .text                                    0x080003a4   Section        0  hguard.o(.text)
    .text                                    0x080003a8   Section        0  init_alloc.o(.text)
    .text                                    0x08000432   Section        0  h1_init.o(.text)
    .text                                    0x08000440   Section        0  _strtoul.o(.text)
    .text                                    0x080004e0   Section        0  strtok_int.o(.text)
    .text                                    0x08000524   Section        8  libspace.o(.text)
    .text                                    0x0800052c   Section        8  rt_locale_intlibspace.o(.text)
    .text                                    0x08000534   Section        0  h1_extend.o(.text)
    .text                                    0x08000568   Section        0  _chval.o(.text)
    .text                                    0x08000584   Section        0  defsig_rtmem_outer.o(.text)
    .text                                    0x08000592   Section        0  strcspn.o(.text)
    .text                                    0x080005b2   Section        0  strspn.o(.text)
    .text                                    0x080005ce   Section        2  use_no_semi.o(.text)
    .text                                    0x080005d0   Section       74  sys_stackheap_outer.o(.text)
    .text                                    0x080005d0   Section        0  indicate_semi.o(.text)
    .text                                    0x0800061a   Section        0  exit.o(.text)
    .text                                    0x08000626   Section        0  defsig_exit.o(.text)
    .text                                    0x08000630   Section        0  defsig_rtmem_inner.o(.text)
    .text                                    0x08000680   Section      128  strcmpv7m.o(.text)
    .text                                    0x08000700   Section        0  sys_exit.o(.text)
    .text                                    0x0800070c   Section        0  defsig_general.o(.text)
    .text                                    0x0800073e   Section        0  sys_wrch.o(.text)
    i.EXTI0_IRQHandler                       0x0800074c   Section        0  main.o(i.EXTI0_IRQHandler)
    i.EXTI1_IRQHandler                       0x080007c8   Section        0  main.o(i.EXTI1_IRQHandler)
    i.EXTI2_IRQHandler                       0x08000848   Section        0  main.o(i.EXTI2_IRQHandler)
    i.EXTI3_IRQHandler                       0x080008e8   Section        0  main.o(i.EXTI3_IRQHandler)
    i.NVIC_ClearPendingIRQ                   0x0800095c   Section        0  main.o(i.NVIC_ClearPendingIRQ)
    NVIC_ClearPendingIRQ                     0x0800095d   Thumb Code    18  main.o(i.NVIC_ClearPendingIRQ)
    i.NVIC_EnableIRQ                         0x08000974   Section        0  main.o(i.NVIC_EnableIRQ)
    NVIC_EnableIRQ                           0x08000975   Thumb Code    22  main.o(i.NVIC_EnableIRQ)
    i.SetSysClock                            0x0800098c   Section        0  system_stm32l1xx.o(i.SetSysClock)
    SetSysClock                              0x0800098d   Thumb Code   258  system_stm32l1xx.o(i.SetSysClock)
    i.SystemInit                             0x08000a9c   Section        0  system_stm32l1xx.o(i.SystemInit)
    i.activateKeys                           0x08000b04   Section        0  main.o(i.activateKeys)
    i.deactivateAllKeys                      0x08000b60   Section        0  main.o(i.deactivateAllKeys)
    i.deactivateKeys                         0x08000b80   Section        0  main.o(i.deactivateKeys)
    i.loadSongs                              0x08000bdc   Section        0  main.o(i.loadSongs)
    i.main                                   0x08000d10   Section        0  main.o(i.main)
    i.playBeat                               0x08000d58   Section        0  main.o(i.playBeat)
    i.reset                                  0x08001048   Section        0  main.o(i.reset)
    i.resetSong                              0x080010e0   Section        0  main.o(i.resetSong)
    i.setup                                  0x08001164   Section        0  main.o(i.setup)
    i.str_split                              0x080012f4   Section        0  main.o(i.str_split)
    i.strcpy                                 0x08001382   Section        0  main.o(i.strcpy)
    i.strdup                                 0x0800139a   Section        0  main.o(i.strdup)
    locale$$code                             0x080013c0   Section       44  lc_ctype_c.o(locale$$code)
    x$fpl$dcmpinf                            0x080013ec   Section       24  dcmpi.o(x$fpl$dcmpinf)
    x$fpl$ddiv                               0x08001404   Section      688  ddiv.o(x$fpl$ddiv)
    ddiv_entry                               0x0800140b   Thumb Code     0  ddiv.o(x$fpl$ddiv)
    x$fpl$dflt                               0x080016b4   Section       46  dflt_clz.o(x$fpl$dflt)
    x$fpl$dleqf                              0x080016e4   Section      120  dleqf.o(x$fpl$dleqf)
    x$fpl$dnaninf                            0x0800175c   Section      156  dnaninf.o(x$fpl$dnaninf)
    x$fpl$dretinf                            0x080017f8   Section       12  dretinf.o(x$fpl$dretinf)
    x$fpl$drleqf                             0x08001804   Section      108  drleqf.o(x$fpl$drleqf)
    x$fpl$usenofp                            0x08001870   Section        0  usenofp.o(x$fpl$usenofp)
    locale$$data                             0x08001890   Section      272  lc_ctype_c.o(locale$$data)
    __lcctype_c_name                         0x08001894   Data           2  lc_ctype_c.o(locale$$data)
    __lcctype_c_start                        0x0800189c   Data           0  lc_ctype_c.o(locale$$data)
    __lcctype_c_end                          0x080019a0   Data           0  lc_ctype_c.o(locale$$data)
    .data                                    0x20000000   Section       24  main.o(.data)
    songNotes1                               0x20000014   Data           4  main.o(.data)
    .data                                    0x20000018   Section        4  strtok.o(.data)
    _strtok_saves1                           0x20000018   Data           4  strtok.o(.data)
    .bss                                     0x2000001c   Section       96  libspace.o(.bss)
    HEAP                                     0x20000080   Section      512  startup_stm32l1xx_mdp.o(HEAP)
    Heap_Mem                                 0x20000080   Data         512  startup_stm32l1xx_mdp.o(HEAP)
    STACK                                    0x20000280   Section     1024  startup_stm32l1xx_mdp.o(STACK)
    Stack_Mem                                0x20000280   Data        1024  startup_stm32l1xx_mdp.o(STACK)
    __initial_sp                             0x20000680   Data           0  startup_stm32l1xx_mdp.o(STACK)

    Global Symbols

    Symbol Name                              Value     Ov Type        Size  Object(Section)

    BuildAttributes$$THM_ISAv4$P$D$K$B$S$PE$A:L22UL41UL21$X:L11$S22US41US21$IEEE1$IW$USESV6$~STKCKD$USESV7$~SHL$OTIME$ROPI$EBA8$UX$STANDARDLIB$REQ8$PRES8$EABIv2 0x00000000   Number         0  anon$$obj.o ABSOLUTE
    __ARM_use_no_argv                        0x00000000   Number         0  main.o ABSOLUTE
    __ARM_exceptions_init                     - Undefined Weak Reference
    __alloca_initialize                       - Undefined Weak Reference
    __arm_preinit_                            - Undefined Weak Reference
    __cpp_initialize__aeabi_                  - Undefined Weak Reference
    __cxa_finalize                            - Undefined Weak Reference
    __sigvec_lookup                           - Undefined Weak Reference
    __user_heap_extent                        - Undefined Weak Reference
    _atexit_init                              - Undefined Weak Reference
    _call_atexit_fns                          - Undefined Weak Reference
    _clock_init                               - Undefined Weak Reference
    _fp_trap_init                             - Undefined Weak Reference
    _fp_trap_shutdown                         - Undefined Weak Reference
    _get_lc_collate                           - Undefined Weak Reference
    _get_lc_monetary                          - Undefined Weak Reference
    _get_lc_numeric                           - Undefined Weak Reference
    _get_lc_time                              - Undefined Weak Reference
    _getenv_init                              - Undefined Weak Reference
    _handle_redirection                       - Undefined Weak Reference
    _initio                                   - Undefined Weak Reference
    _mutex_acquire                            - Undefined Weak Reference
    _mutex_free                               - Undefined Weak Reference
    _mutex_release                            - Undefined Weak Reference
    _rand_init                                - Undefined Weak Reference
    _signal_finish                            - Undefined Weak Reference
    _signal_init                              - Undefined Weak Reference
    _terminateio                              - Undefined Weak Reference
    __Vectors_Size                           0x00000124   Number         0  startup_stm32l1xx_mdp.o ABSOLUTE
    __Vectors                                0x08000000   Data           4  startup_stm32l1xx_mdp.o(RESET)
    __Vectors_End                            0x08000124   Data           0  startup_stm32l1xx_mdp.o(RESET)
    __main                                   0x08000125   Thumb Code     8  __main.o(!!!main)
    __scatterload                            0x0800012d   Thumb Code     0  __scatter.o(!!!scatter)
    __scatterload_rt2                        0x0800012d   Thumb Code    44  __scatter.o(!!!scatter)
    __scatterload_rt2_thumb_only             0x0800012d   Thumb Code     0  __scatter.o(!!!scatter)
    __scatterload_null                       0x0800013b   Thumb Code     0  __scatter.o(!!!scatter)
    __scatterload_copy                       0x08000161   Thumb Code    26  __scatter_copy.o(!!handler_copy)
    __scatterload_zeroinit                   0x0800017d   Thumb Code    28  __scatter_zi.o(!!handler_zi)
    __rt_lib_init                            0x08000199   Thumb Code     0  libinit.o(.ARM.Collect$$libinit$$00000000)
    __rt_lib_init_fp_1                       0x0800019b   Thumb Code     0  libinit2.o(.ARM.Collect$$libinit$$00000002)
    __rt_lib_init_heap_2                     0x0800019b   Thumb Code     0  libinit2.o(.ARM.Collect$$libinit$$00000005)
    __rt_lib_init_preinit_1                  0x0800019b   Thumb Code     0  libinit2.o(.ARM.Collect$$libinit$$00000004)
    __rt_lib_init_heap_1                     0x080001a3   Thumb Code     0  libinit2.o(.ARM.Collect$$libinit$$0000000A)
    __rt_lib_init_lc_common                  0x080001a3   Thumb Code     0  libinit2.o(.ARM.Collect$$libinit$$0000000F)
    __rt_lib_init_rand_1                     0x080001a3   Thumb Code     0  libinit2.o(.ARM.Collect$$libinit$$0000000E)
    __rt_lib_init_user_alloc_1               0x080001a3   Thumb Code     0  libinit2.o(.ARM.Collect$$libinit$$0000000C)
    __rt_lib_init_lc_collate_1               0x080001a9   Thumb Code     0  libinit2.o(.ARM.Collect$$libinit$$00000011)
    __rt_lib_init_lc_ctype_2                 0x080001a9   Thumb Code     0  libinit2.o(.ARM.Collect$$libinit$$00000012)
    __rt_lib_init_alloca_1                   0x080001b5   Thumb Code     0  libinit2.o(.ARM.Collect$$libinit$$0000002E)
    __rt_lib_init_argv_1                     0x080001b5   Thumb Code     0  libinit2.o(.ARM.Collect$$libinit$$0000002C)
    __rt_lib_init_atexit_1                   0x080001b5   Thumb Code     0  libinit2.o(.ARM.Collect$$libinit$$0000001B)
    __rt_lib_init_clock_1                    0x080001b5   Thumb Code     0  libinit2.o(.ARM.Collect$$libinit$$00000021)
    __rt_lib_init_cpp_1                      0x080001b5   Thumb Code     0  libinit2.o(.ARM.Collect$$libinit$$00000032)
    __rt_lib_init_exceptions_1               0x080001b5   Thumb Code     0  libinit2.o(.ARM.Collect$$libinit$$00000030)
    __rt_lib_init_fp_trap_1                  0x080001b5   Thumb Code     0  libinit2.o(.ARM.Collect$$libinit$$0000001F)
    __rt_lib_init_getenv_1                   0x080001b5   Thumb Code     0  libinit2.o(.ARM.Collect$$libinit$$00000023)
    __rt_lib_init_lc_ctype_1                 0x080001b5   Thumb Code     0  libinit2.o(.ARM.Collect$$libinit$$00000013)
    __rt_lib_init_lc_monetary_1              0x080001b5   Thumb Code     0  libinit2.o(.ARM.Collect$$libinit$$00000015)
    __rt_lib_init_lc_numeric_1               0x080001b5   Thumb Code     0  libinit2.o(.ARM.Collect$$libinit$$00000017)
    __rt_lib_init_lc_time_1                  0x080001b5   Thumb Code     0  libinit2.o(.ARM.Collect$$libinit$$00000019)
    __rt_lib_init_return                     0x080001b5   Thumb Code     0  libinit2.o(.ARM.Collect$$libinit$$00000033)
    __rt_lib_init_signal_1                   0x080001b5   Thumb Code     0  libinit2.o(.ARM.Collect$$libinit$$0000001D)
    __rt_lib_init_stdio_1                    0x080001b5   Thumb Code     0  libinit2.o(.ARM.Collect$$libinit$$00000025)
    __rt_lib_shutdown                        0x080001b7   Thumb Code     0  libshutdown.o(.ARM.Collect$$libshutdown$$00000000)
    __rt_lib_shutdown_fp_trap_1              0x080001b9   Thumb Code     0  libshutdown2.o(.ARM.Collect$$libshutdown$$00000006)
    __rt_lib_shutdown_heap_1                 0x080001b9   Thumb Code     0  libshutdown2.o(.ARM.Collect$$libshutdown$$0000000E)
    __rt_lib_shutdown_return                 0x080001b9   Thumb Code     0  libshutdown2.o(.ARM.Collect$$libshutdown$$0000000F)
    __rt_lib_shutdown_signal_1               0x080001b9   Thumb Code     0  libshutdown2.o(.ARM.Collect$$libshutdown$$00000009)
    __rt_lib_shutdown_stdio_1                0x080001b9   Thumb Code     0  libshutdown2.o(.ARM.Collect$$libshutdown$$00000003)
    __rt_lib_shutdown_user_alloc_1           0x080001b9   Thumb Code     0  libshutdown2.o(.ARM.Collect$$libshutdown$$0000000B)
    __rt_entry                               0x080001bb   Thumb Code     0  __rtentry.o(.ARM.Collect$$rtentry$$00000000)
    __rt_entry_presh_1                       0x080001bb   Thumb Code     0  __rtentry2.o(.ARM.Collect$$rtentry$$00000002)
    __rt_entry_sh                            0x080001bb   Thumb Code     0  __rtentry4.o(.ARM.Collect$$rtentry$$00000004)
    __rt_entry_li                            0x080001c1   Thumb Code     0  __rtentry2.o(.ARM.Collect$$rtentry$$0000000A)
    __rt_entry_postsh_1                      0x080001c1   Thumb Code     0  __rtentry2.o(.ARM.Collect$$rtentry$$00000009)
    __rt_entry_main                          0x080001c5   Thumb Code     0  __rtentry2.o(.ARM.Collect$$rtentry$$0000000D)
    __rt_entry_postli_1                      0x080001c5   Thumb Code     0  __rtentry2.o(.ARM.Collect$$rtentry$$0000000C)
    __rt_exit                                0x080001cd   Thumb Code     0  rtexit.o(.ARM.Collect$$rtexit$$00000000)
    __rt_exit_ls                             0x080001cf   Thumb Code     0  rtexit2.o(.ARM.Collect$$rtexit$$00000003)
    __rt_exit_prels_1                        0x080001cf   Thumb Code     0  rtexit2.o(.ARM.Collect$$rtexit$$00000002)
    __rt_exit_exit                           0x080001d3   Thumb Code     0  rtexit2.o(.ARM.Collect$$rtexit$$00000004)
    Reset_Handler                            0x080001d9   Thumb Code     8  startup_stm32l1xx_mdp.o(.text)
    _maybe_terminate_alloc                   0x080001d9   Thumb Code     0  maybetermalloc1.o(.emb_text)
    NMI_Handler                              0x080001e1   Thumb Code     2  startup_stm32l1xx_mdp.o(.text)
    HardFault_Handler                        0x080001e3   Thumb Code     2  startup_stm32l1xx_mdp.o(.text)
    MemManage_Handler                        0x080001e5   Thumb Code     2  startup_stm32l1xx_mdp.o(.text)
    BusFault_Handler                         0x080001e7   Thumb Code     2  startup_stm32l1xx_mdp.o(.text)
    UsageFault_Handler                       0x080001e9   Thumb Code     2  startup_stm32l1xx_mdp.o(.text)
    SVC_Handler                              0x080001eb   Thumb Code     2  startup_stm32l1xx_mdp.o(.text)
    DebugMon_Handler                         0x080001ed   Thumb Code     2  startup_stm32l1xx_mdp.o(.text)
    PendSV_Handler                           0x080001ef   Thumb Code     2  startup_stm32l1xx_mdp.o(.text)
    SysTick_Handler                          0x080001f1   Thumb Code     2  startup_stm32l1xx_mdp.o(.text)
    ADC1_IRQHandler                          0x080001f3   Thumb Code     0  startup_stm32l1xx_mdp.o(.text)
    AES_IRQHandler                           0x080001f3   Thumb Code     0  startup_stm32l1xx_mdp.o(.text)
    COMP_ACQ_IRQHandler                      0x080001f3   Thumb Code     0  startup_stm32l1xx_mdp.o(.text)
    COMP_IRQHandler                          0x080001f3   Thumb Code     0  startup_stm32l1xx_mdp.o(.text)
    DAC_IRQHandler                           0x080001f3   Thumb Code     0  startup_stm32l1xx_mdp.o(.text)
    DMA1_Channel1_IRQHandler                 0x080001f3   Thumb Code     0  startup_stm32l1xx_mdp.o(.text)
    DMA1_Channel2_IRQHandler                 0x080001f3   Thumb Code     0  startup_stm32l1xx_mdp.o(.text)
    DMA1_Channel3_IRQHandler                 0x080001f3   Thumb Code     0  startup_stm32l1xx_mdp.o(.text)
    DMA1_Channel4_IRQHandler                 0x080001f3   Thumb Code     0  startup_stm32l1xx_mdp.o(.text)
    DMA1_Channel5_IRQHandler                 0x080001f3   Thumb Code     0  startup_stm32l1xx_mdp.o(.text)
    DMA1_Channel6_IRQHandler                 0x080001f3   Thumb Code     0  startup_stm32l1xx_mdp.o(.text)
    DMA1_Channel7_IRQHandler                 0x080001f3   Thumb Code     0  startup_stm32l1xx_mdp.o(.text)
    DMA2_Channel1_IRQHandler                 0x080001f3   Thumb Code     0  startup_stm32l1xx_mdp.o(.text)
    DMA2_Channel2_IRQHandler                 0x080001f3   Thumb Code     0  startup_stm32l1xx_mdp.o(.text)
    DMA2_Channel3_IRQHandler                 0x080001f3   Thumb Code     0  startup_stm32l1xx_mdp.o(.text)
    DMA2_Channel4_IRQHandler                 0x080001f3   Thumb Code     0  startup_stm32l1xx_mdp.o(.text)
    DMA2_Channel5_IRQHandler                 0x080001f3   Thumb Code     0  startup_stm32l1xx_mdp.o(.text)
    EXTI15_10_IRQHandler                     0x080001f3   Thumb Code     0  startup_stm32l1xx_mdp.o(.text)
    EXTI4_IRQHandler                         0x080001f3   Thumb Code     0  startup_stm32l1xx_mdp.o(.text)
    EXTI9_5_IRQHandler                       0x080001f3   Thumb Code     0  startup_stm32l1xx_mdp.o(.text)
    FLASH_IRQHandler                         0x080001f3   Thumb Code     0  startup_stm32l1xx_mdp.o(.text)
    I2C1_ER_IRQHandler                       0x080001f3   Thumb Code     0  startup_stm32l1xx_mdp.o(.text)
    I2C1_EV_IRQHandler                       0x080001f3   Thumb Code     0  startup_stm32l1xx_mdp.o(.text)
    I2C2_ER_IRQHandler                       0x080001f3   Thumb Code     0  startup_stm32l1xx_mdp.o(.text)
    I2C2_EV_IRQHandler                       0x080001f3   Thumb Code     0  startup_stm32l1xx_mdp.o(.text)
    LCD_IRQHandler                           0x080001f3   Thumb Code     0  startup_stm32l1xx_mdp.o(.text)
    PVD_IRQHandler                           0x080001f3   Thumb Code     0  startup_stm32l1xx_mdp.o(.text)
    RCC_IRQHandler                           0x080001f3   Thumb Code     0  startup_stm32l1xx_mdp.o(.text)
    RTC_Alarm_IRQHandler                     0x080001f3   Thumb Code     0  startup_stm32l1xx_mdp.o(.text)
    RTC_WKUP_IRQHandler                      0x080001f3   Thumb Code     0  startup_stm32l1xx_mdp.o(.text)
    SPI1_IRQHandler                          0x080001f3   Thumb Code     0  startup_stm32l1xx_mdp.o(.text)
    SPI2_IRQHandler                          0x080001f3   Thumb Code     0  startup_stm32l1xx_mdp.o(.text)
    SPI3_IRQHandler                          0x080001f3   Thumb Code     0  startup_stm32l1xx_mdp.o(.text)
    TAMPER_STAMP_IRQHandler                  0x080001f3   Thumb Code     0  startup_stm32l1xx_mdp.o(.text)
    TIM10_IRQHandler                         0x080001f3   Thumb Code     0  startup_stm32l1xx_mdp.o(.text)
    TIM11_IRQHandler                         0x080001f3   Thumb Code     0  startup_stm32l1xx_mdp.o(.text)
    TIM2_IRQHandler                          0x080001f3   Thumb Code     0  startup_stm32l1xx_mdp.o(.text)
    TIM3_IRQHandler                          0x080001f3   Thumb Code     0  startup_stm32l1xx_mdp.o(.text)
    TIM4_IRQHandler                          0x080001f3   Thumb Code     0  startup_stm32l1xx_mdp.o(.text)
    TIM5_IRQHandler                          0x080001f3   Thumb Code     0  startup_stm32l1xx_mdp.o(.text)
    TIM6_IRQHandler                          0x080001f3   Thumb Code     0  startup_stm32l1xx_mdp.o(.text)
    TIM7_IRQHandler                          0x080001f3   Thumb Code     0  startup_stm32l1xx_mdp.o(.text)
    TIM9_IRQHandler                          0x080001f3   Thumb Code     0  startup_stm32l1xx_mdp.o(.text)
    USART1_IRQHandler                        0x080001f3   Thumb Code     0  startup_stm32l1xx_mdp.o(.text)
    USART2_IRQHandler                        0x080001f3   Thumb Code     0  startup_stm32l1xx_mdp.o(.text)
    USART3_IRQHandler                        0x080001f3   Thumb Code     0  startup_stm32l1xx_mdp.o(.text)
    USB_FS_WKUP_IRQHandler                   0x080001f3   Thumb Code     0  startup_stm32l1xx_mdp.o(.text)
    USB_HP_IRQHandler                        0x080001f3   Thumb Code     0  startup_stm32l1xx_mdp.o(.text)
    USB_LP_IRQHandler                        0x080001f3   Thumb Code     0  startup_stm32l1xx_mdp.o(.text)
    WWDG_IRQHandler                          0x080001f3   Thumb Code     0  startup_stm32l1xx_mdp.o(.text)
    __user_initial_stackheap                 0x080001f5   Thumb Code     0  startup_stm32l1xx_mdp.o(.text)
    malloc                                   0x08000219   Thumb Code    94  h1_alloc.o(.text)
    free                                     0x08000277   Thumb Code    78  h1_free.o(.text)
    strtol                                   0x080002c5   Thumb Code   112  strtol.o(.text)
    strtok                                   0x08000335   Thumb Code     6  strtok.o(.text)
    strlen                                   0x08000341   Thumb Code    62  strlen.o(.text)
    __use_two_region_memory                  0x0800037f   Thumb Code     2  heapauxi.o(.text)
    __rt_heap_escrow                         0x08000381   Thumb Code     2  heapauxi.o(.text)
    __rt_heap_expand                         0x08000383   Thumb Code     2  heapauxi.o(.text)
    __rt_ctype_table                         0x08000385   Thumb Code    16  rt_ctype_table.o(.text)
    __rt_heap_descriptor                     0x08000395   Thumb Code     8  rt_heap_descriptor_intlibspace.o(.text)
    __aeabi_errno_addr                       0x0800039d   Thumb Code     8  rt_errno_addr_intlibspace.o(.text)
    __errno$intlibspace                      0x0800039d   Thumb Code     0  rt_errno_addr_intlibspace.o(.text)
    __rt_errno_addr$intlibspace              0x0800039d   Thumb Code     0  rt_errno_addr_intlibspace.o(.text)
    __use_no_heap                            0x080003a5   Thumb Code     2  hguard.o(.text)
    __heap$guard                             0x080003a7   Thumb Code     2  hguard.o(.text)
    _terminate_user_alloc                    0x080003a9   Thumb Code     2  init_alloc.o(.text)
    _init_user_alloc                         0x080003ab   Thumb Code     2  init_alloc.o(.text)
    __Heap_Full                              0x080003ad   Thumb Code    34  init_alloc.o(.text)
    __Heap_Broken                            0x080003cf   Thumb Code     6  init_alloc.o(.text)
    _init_alloc                              0x080003d5   Thumb Code    94  init_alloc.o(.text)
    __Heap_Initialize                        0x08000433   Thumb Code    10  h1_init.o(.text)
    __Heap_DescSize                          0x0800043d   Thumb Code     4  h1_init.o(.text)
    _strtoul                                 0x08000441   Thumb Code   158  _strtoul.o(.text)
    __strtok_internal                        0x080004e1   Thumb Code    64  strtok_int.o(.text)
    __user_libspace                          0x08000525   Thumb Code     8  libspace.o(.text)
    __user_perproc_libspace                  0x08000525   Thumb Code     0  libspace.o(.text)
    __user_perthread_libspace                0x08000525   Thumb Code     0  libspace.o(.text)
    __rt_locale                              0x0800052d   Thumb Code     8  rt_locale_intlibspace.o(.text)
    __Heap_ProvideMemory                     0x08000535   Thumb Code    52  h1_extend.o(.text)
    _chval                                   0x08000569   Thumb Code    28  _chval.o(.text)
    __rt_SIGRTMEM                            0x08000585   Thumb Code    14  defsig_rtmem_outer.o(.text)
    strcspn                                  0x08000593   Thumb Code    32  strcspn.o(.text)
    strspn                                   0x080005b3   Thumb Code    28  strspn.o(.text)
    __I$use$semihosting                      0x080005cf   Thumb Code     0  use_no_semi.o(.text)
    __use_no_semihosting_swi                 0x080005cf   Thumb Code     2  use_no_semi.o(.text)
    __semihosting_library_function           0x080005d1   Thumb Code     0  indicate_semi.o(.text)
    __user_setup_stackheap                   0x080005d1   Thumb Code    74  sys_stackheap_outer.o(.text)
    exit                                     0x0800061b   Thumb Code    12  exit.o(.text)
    __sig_exit                               0x08000627   Thumb Code    10  defsig_exit.o(.text)
    __rt_SIGRTMEM_inner                      0x08000631   Thumb Code    22  defsig_rtmem_inner.o(.text)
    strcmp                                   0x08000681   Thumb Code   128  strcmpv7m.o(.text)
    _sys_exit                                0x08000701   Thumb Code     8  sys_exit.o(.text)
    __default_signal_display                 0x0800070d   Thumb Code    50  defsig_general.o(.text)
    _ttywrch                                 0x0800073f   Thumb Code    14  sys_wrch.o(.text)
    EXTI0_IRQHandler                         0x0800074d   Thumb Code   108  main.o(i.EXTI0_IRQHandler)
    EXTI1_IRQHandler                         0x080007c9   Thumb Code   110  main.o(i.EXTI1_IRQHandler)
    EXTI2_IRQHandler                         0x08000849   Thumb Code   140  main.o(i.EXTI2_IRQHandler)
    EXTI3_IRQHandler                         0x080008e9   Thumb Code   102  main.o(i.EXTI3_IRQHandler)
    SystemInit                               0x08000a9d   Thumb Code    88  system_stm32l1xx.o(i.SystemInit)
    activateKeys                             0x08000b05   Thumb Code    82  main.o(i.activateKeys)
    deactivateAllKeys                        0x08000b61   Thumb Code    22  main.o(i.deactivateAllKeys)
    deactivateKeys                           0x08000b81   Thumb Code    82  main.o(i.deactivateKeys)
    loadSongs                                0x08000bdd   Thumb Code   180  main.o(i.loadSongs)
    main                                     0x08000d11   Thumb Code    64  main.o(i.main)
    playBeat                                 0x08000d59   Thumb Code   736  main.o(i.playBeat)
    reset                                    0x08001049   Thumb Code   132  main.o(i.reset)
    resetSong                                0x080010e1   Thumb Code   128  main.o(i.resetSong)
    setup                                    0x08001165   Thumb Code   366  main.o(i.setup)
    str_split                                0x080012f5   Thumb Code   142  main.o(i.str_split)
    strcpy                                   0x08001383   Thumb Code    24  main.o(i.strcpy)
    strdup                                   0x0800139b   Thumb Code    38  main.o(i.strdup)
    _get_lc_ctype                            0x080013c1   Thumb Code    44  lc_ctype_c.o(locale$$code)
    __fpl_dcmp_Inf                           0x080013ed   Thumb Code    24  dcmpi.o(x$fpl$dcmpinf)
    __aeabi_ddiv                             0x08001405   Thumb Code     0  ddiv.o(x$fpl$ddiv)
    _ddiv                                    0x08001405   Thumb Code   552  ddiv.o(x$fpl$ddiv)
    __aeabi_i2d                              0x080016b5   Thumb Code     0  dflt_clz.o(x$fpl$dflt)
    _dflt                                    0x080016b5   Thumb Code    46  dflt_clz.o(x$fpl$dflt)
    __aeabi_cdcmple                          0x080016e5   Thumb Code     0  dleqf.o(x$fpl$dleqf)
    _dcmple                                  0x080016e5   Thumb Code   120  dleqf.o(x$fpl$dleqf)
    __fpl_dcmple_InfNaN                      0x08001747   Thumb Code     0  dleqf.o(x$fpl$dleqf)
    __fpl_dnaninf                            0x0800175d   Thumb Code   156  dnaninf.o(x$fpl$dnaninf)
    __fpl_dretinf                            0x080017f9   Thumb Code    12  dretinf.o(x$fpl$dretinf)
    __aeabi_cdrcmple                         0x08001805   Thumb Code     0  drleqf.o(x$fpl$drleqf)
    _drcmple                                 0x08001805   Thumb Code   108  drleqf.o(x$fpl$drleqf)
    Region$$Table$$Base                      0x08001870   Number         0  anon$$obj.o(Region$$Table)
    __I$use$fp                               0x08001870   Number         0  usenofp.o(x$fpl$usenofp)
    Region$$Table$$Limit                     0x08001890   Number         0  anon$$obj.o(Region$$Table)
    __ctype                                  0x0800189d   Data           0  lc_ctype_c.o(locale$$data)
    state                                    0x20000000   Data           4  main.o(.data)
    songID                                   0x20000004   Data           4  main.o(.data)
    mode                                     0x20000008   Data           4  main.o(.data)
    beat                                     0x2000000c   Data           4  main.o(.data)
    songs                                    0x20000010   Data           4  main.o(.data)
    __libspace_start                         0x2000001c   Data          96  libspace.o(.bss)
    __temporary_stack_top$libspace           0x2000007c   Data           0  libspace.o(.bss)



==============================================================================

Memory Map of the image

  Image Entry point : 0x080001d9

  Load Region LR_1 (Base: 0x08000000, Size: 0x000019bc, Max: 0xffffffff, ABSOLUTE)

    Execution Region ER_RO (Base: 0x08000000, Size: 0x000019a0, Max: 0xffffffff, ABSOLUTE)

    Base Addr    Size         Type   Attr      Idx    E Section Name        Object

    0x08000000   0x00000124   Data   RO          163    RESET               startup_stm32l1xx_mdp.o
    0x08000124   0x00000008   Code   RO          289  * !!!main             c_w.l(__main.o)
    0x0800012c   0x00000034   Code   RO          539    !!!scatter          c_w.l(__scatter.o)
    0x08000160   0x0000001a   Code   RO          541    !!handler_copy      c_w.l(__scatter_copy.o)
    0x0800017a   0x00000002   PAD
    0x0800017c   0x0000001c   Code   RO          543    !!handler_zi        c_w.l(__scatter_zi.o)
    0x08000198   0x00000002   Code   RO          479    .ARM.Collect$$libinit$$00000000  c_w.l(libinit.o)
    0x0800019a   0x00000000   Code   RO          347    .ARM.Collect$$libinit$$00000002  c_w.l(libinit2.o)
    0x0800019a   0x00000000   Code   RO          349    .ARM.Collect$$libinit$$00000004  c_w.l(libinit2.o)
    0x0800019a   0x00000008   Code   RO          350    .ARM.Collect$$libinit$$00000005  c_w.l(libinit2.o)
    0x080001a2   0x00000000   Code   RO          352    .ARM.Collect$$libinit$$0000000A  c_w.l(libinit2.o)
    0x080001a2   0x00000000   Code   RO          354    .ARM.Collect$$libinit$$0000000C  c_w.l(libinit2.o)
    0x080001a2   0x00000000   Code   RO          356    .ARM.Collect$$libinit$$0000000E  c_w.l(libinit2.o)
    0x080001a2   0x00000006   Code   RO          357    .ARM.Collect$$libinit$$0000000F  c_w.l(libinit2.o)
    0x080001a8   0x00000000   Code   RO          359    .ARM.Collect$$libinit$$00000011  c_w.l(libinit2.o)
    0x080001a8   0x0000000c   Code   RO          360    .ARM.Collect$$libinit$$00000012  c_w.l(libinit2.o)
    0x080001b4   0x00000000   Code   RO          361    .ARM.Collect$$libinit$$00000013  c_w.l(libinit2.o)
    0x080001b4   0x00000000   Code   RO          363    .ARM.Collect$$libinit$$00000015  c_w.l(libinit2.o)
    0x080001b4   0x00000000   Code   RO          365    .ARM.Collect$$libinit$$00000017  c_w.l(libinit2.o)
    0x080001b4   0x00000000   Code   RO          367    .ARM.Collect$$libinit$$00000019  c_w.l(libinit2.o)
    0x080001b4   0x00000000   Code   RO          369    .ARM.Collect$$libinit$$0000001B  c_w.l(libinit2.o)
    0x080001b4   0x00000000   Code   RO          371    .ARM.Collect$$libinit$$0000001D  c_w.l(libinit2.o)
    0x080001b4   0x00000000   Code   RO          373    .ARM.Collect$$libinit$$0000001F  c_w.l(libinit2.o)
    0x080001b4   0x00000000   Code   RO          375    .ARM.Collect$$libinit$$00000021  c_w.l(libinit2.o)
    0x080001b4   0x00000000   Code   RO          377    .ARM.Collect$$libinit$$00000023  c_w.l(libinit2.o)
    0x080001b4   0x00000000   Code   RO          379    .ARM.Collect$$libinit$$00000025  c_w.l(libinit2.o)
    0x080001b4   0x00000000   Code   RO          383    .ARM.Collect$$libinit$$0000002C  c_w.l(libinit2.o)
    0x080001b4   0x00000000   Code   RO          385    .ARM.Collect$$libinit$$0000002E  c_w.l(libinit2.o)
    0x080001b4   0x00000000   Code   RO          387    .ARM.Collect$$libinit$$00000030  c_w.l(libinit2.o)
    0x080001b4   0x00000000   Code   RO          389    .ARM.Collect$$libinit$$00000032  c_w.l(libinit2.o)
    0x080001b4   0x00000002   Code   RO          390    .ARM.Collect$$libinit$$00000033  c_w.l(libinit2.o)
    0x080001b6   0x00000002   Code   RO          536    .ARM.Collect$$libshutdown$$00000000  c_w.l(libshutdown.o)
    0x080001b8   0x00000000   Code   RO          494    .ARM.Collect$$libshutdown$$00000003  c_w.l(libshutdown2.o)
    0x080001b8   0x00000000   Code   RO          497    .ARM.Collect$$libshutdown$$00000006  c_w.l(libshutdown2.o)
    0x080001b8   0x00000000   Code   RO          500    .ARM.Collect$$libshutdown$$00000009  c_w.l(libshutdown2.o)
    0x080001b8   0x00000000   Code   RO          502    .ARM.Collect$$libshutdown$$0000000B  c_w.l(libshutdown2.o)
    0x080001b8   0x00000000   Code   RO          505    .ARM.Collect$$libshutdown$$0000000E  c_w.l(libshutdown2.o)
    0x080001b8   0x00000002   Code   RO          506    .ARM.Collect$$libshutdown$$0000000F  c_w.l(libshutdown2.o)
    0x080001ba   0x00000000   Code   RO          305    .ARM.Collect$$rtentry$$00000000  c_w.l(__rtentry.o)
    0x080001ba   0x00000000   Code   RO          404    .ARM.Collect$$rtentry$$00000002  c_w.l(__rtentry2.o)
    0x080001ba   0x00000006   Code   RO          416    .ARM.Collect$$rtentry$$00000004  c_w.l(__rtentry4.o)
    0x080001c0   0x00000000   Code   RO          406    .ARM.Collect$$rtentry$$00000009  c_w.l(__rtentry2.o)
    0x080001c0   0x00000004   Code   RO          407    .ARM.Collect$$rtentry$$0000000A  c_w.l(__rtentry2.o)
    0x080001c4   0x00000000   Code   RO          409    .ARM.Collect$$rtentry$$0000000C  c_w.l(__rtentry2.o)
    0x080001c4   0x00000008   Code   RO          410    .ARM.Collect$$rtentry$$0000000D  c_w.l(__rtentry2.o)
    0x080001cc   0x00000002   Code   RO          482    .ARM.Collect$$rtexit$$00000000  c_w.l(rtexit.o)
    0x080001ce   0x00000000   Code   RO          510    .ARM.Collect$$rtexit$$00000002  c_w.l(rtexit2.o)
    0x080001ce   0x00000004   Code   RO          511    .ARM.Collect$$rtexit$$00000003  c_w.l(rtexit2.o)
    0x080001d2   0x00000006   Code   RO          512    .ARM.Collect$$rtexit$$00000004  c_w.l(rtexit2.o)
    0x080001d8   0x00000000   Code   RO          425    .emb_text           c_w.l(maybetermalloc1.o)
    0x080001d8   0x00000040   Code   RO          164  * .text               startup_stm32l1xx_mdp.o
    0x08000218   0x0000005e   Code   RO          222    .text               c_w.l(h1_alloc.o)
    0x08000276   0x0000004e   Code   RO          224    .text               c_w.l(h1_free.o)
    0x080002c4   0x00000070   Code   RO          280    .text               c_w.l(strtol.o)
    0x08000334   0x0000000c   Code   RO          282    .text               c_w.l(strtok.o)
    0x08000340   0x0000003e   Code   RO          285    .text               c_w.l(strlen.o)
    0x0800037e   0x00000006   Code   RO          287    .text               c_w.l(heapauxi.o)
    0x08000384   0x00000010   Code   RO          306    .text               c_w.l(rt_ctype_table.o)
    0x08000394   0x00000008   Code   RO          311    .text               c_w.l(rt_heap_descriptor_intlibspace.o)
    0x0800039c   0x00000008   Code   RO          316    .text               c_w.l(rt_errno_addr_intlibspace.o)
    0x080003a4   0x00000004   Code   RO          318    .text               c_w.l(hguard.o)
    0x080003a8   0x0000008a   Code   RO          320    .text               c_w.l(init_alloc.o)
    0x08000432   0x0000000e   Code   RO          324    .text               c_w.l(h1_init.o)
    0x08000440   0x0000009e   Code   RO          338    .text               c_w.l(_strtoul.o)
    0x080004de   0x00000002   PAD
    0x080004e0   0x00000044   Code   RO          340    .text               c_w.l(strtok_int.o)
    0x08000524   0x00000008   Code   RO          400    .text               c_w.l(libspace.o)
    0x0800052c   0x00000008   Code   RO          421    .text               c_w.l(rt_locale_intlibspace.o)
    0x08000534   0x00000034   Code   RO          427    .text               c_w.l(h1_extend.o)
    0x08000568   0x0000001c   Code   RO          431    .text               c_w.l(_chval.o)
    0x08000584   0x0000000e   Code   RO          436    .text               c_w.l(defsig_rtmem_outer.o)
    0x08000592   0x00000020   Code   RO          440    .text               c_w.l(strcspn.o)
    0x080005b2   0x0000001c   Code   RO          442    .text               c_w.l(strspn.o)
    0x080005ce   0x00000002   Code   RO          453    .text               c_w.l(use_no_semi.o)
    0x080005d0   0x00000000   Code   RO          455    .text               c_w.l(indicate_semi.o)
    0x080005d0   0x0000004a   Code   RO          456    .text               c_w.l(sys_stackheap_outer.o)
    0x0800061a   0x0000000c   Code   RO          462    .text               c_w.l(exit.o)
    0x08000626   0x0000000a   Code   RO          464    .text               c_w.l(defsig_exit.o)
    0x08000630   0x00000050   Code   RO          466    .text               c_w.l(defsig_rtmem_inner.o)
    0x08000680   0x00000080   Code   RO          468    .text               c_w.l(strcmpv7m.o)
    0x08000700   0x0000000c   Code   RO          480    .text               c_w.l(sys_exit.o)
    0x0800070c   0x00000032   Code   RO          490    .text               c_w.l(defsig_general.o)
    0x0800073e   0x0000000e   Code   RO          507    .text               c_w.l(sys_wrch.o)
    0x0800074c   0x0000007c   Code   RO            4    i.EXTI0_IRQHandler  main.o
    0x080007c8   0x00000080   Code   RO            5    i.EXTI1_IRQHandler  main.o
    0x08000848   0x000000a0   Code   RO            6    i.EXTI2_IRQHandler  main.o
    0x080008e8   0x00000074   Code   RO            7    i.EXTI3_IRQHandler  main.o
    0x0800095c   0x00000018   Code   RO            8    i.NVIC_ClearPendingIRQ  main.o
    0x08000974   0x00000016   Code   RO            9    i.NVIC_EnableIRQ    main.o
    0x0800098a   0x00000002   PAD
    0x0800098c   0x00000110   Code   RO          171    i.SetSysClock       system_stm32l1xx.o
    0x08000a9c   0x00000068   Code   RO          173    i.SystemInit        system_stm32l1xx.o
    0x08000b04   0x0000005c   Code   RO           10    i.activateKeys      main.o
    0x08000b60   0x00000020   Code   RO           11    i.deactivateAllKeys  main.o
    0x08000b80   0x0000005c   Code   RO           12    i.deactivateKeys    main.o
    0x08000bdc   0x00000134   Code   RO           13    i.loadSongs         main.o
    0x08000d10   0x00000048   Code   RO           14    i.main              main.o
    0x08000d58   0x000002f0   Code   RO           15    i.playBeat          main.o
    0x08001048   0x00000098   Code   RO           16    i.reset             main.o
    0x080010e0   0x00000084   Code   RO           17    i.resetSong         main.o
    0x08001164   0x00000190   Code   RO           18    i.setup             main.o
    0x080012f4   0x0000008e   Code   RO           19    i.str_split         main.o
    0x08001382   0x00000018   Code   RO           20    i.strcpy            main.o
    0x0800139a   0x00000026   Code   RO           21    i.strdup            main.o
    0x080013c0   0x0000002c   Code   RO          434    locale$$code        c_w.l(lc_ctype_c.o)
    0x080013ec   0x00000018   Code   RO          449    x$fpl$dcmpinf       fz_ws.l(dcmpi.o)
    0x08001404   0x000002b0   Code   RO          292    x$fpl$ddiv          fz_ws.l(ddiv.o)
    0x080016b4   0x0000002e   Code   RO          296    x$fpl$dflt          fz_ws.l(dflt_clz.o)
    0x080016e2   0x00000002   PAD
    0x080016e4   0x00000078   Code   RO          391    x$fpl$dleqf         fz_ws.l(dleqf.o)
    0x0800175c   0x0000009c   Code   RO          393    x$fpl$dnaninf       fz_ws.l(dnaninf.o)
    0x080017f8   0x0000000c   Code   RO          395    x$fpl$dretinf       fz_ws.l(dretinf.o)
    0x08001804   0x0000006c   Code   RO          301    x$fpl$drleqf        fz_ws.l(drleqf.o)
    0x08001870   0x00000000   Code   RO          397    x$fpl$usenofp       fz_ws.l(usenofp.o)
    0x08001870   0x00000020   Data   RO          537    Region$$Table       anon$$obj.o
    0x08001890   0x00000110   Data   RO          433    locale$$data        c_w.l(lc_ctype_c.o)


    Execution Region ER_RW (Base: 0x20000000, Size: 0x0000001c, Max: 0xffffffff, ABSOLUTE)

    Base Addr    Size         Type   Attr      Idx    E Section Name        Object

    0x20000000   0x00000018   Data   RW           22    .data               main.o
    0x20000018   0x00000004   Data   RW          283    .data               c_w.l(strtok.o)


    Execution Region ER_ZI (Base: 0x2000001c, Size: 0x00000664, Max: 0xffffffff, ABSOLUTE)

    Base Addr    Size         Type   Attr      Idx    E Section Name        Object

    0x2000001c   0x00000060   Zero   RW          401    .bss                c_w.l(libspace.o)
    0x2000007c   0x00000004   PAD
    0x20000080   0x00000200   Zero   RW          162    HEAP                startup_stm32l1xx_mdp.o
    0x20000280   0x00000400   Zero   RW          161    STACK               startup_stm32l1xx_mdp.o


==============================================================================

Image component sizes


      Code (inc. data)   RO Data    RW Data    ZI Data      Debug   Object Name

      2810        314          0         24          0     225182   main.o
        64         26        292          0       1536        820   startup_stm32l1xx_mdp.o
       376         30          0          0          0       1521   system_stm32l1xx.o

    ----------------------------------------------------------------------
      3252        370        324         24       1536     227523   Object Totals
         0          0         32          0          0          0   (incl. Generated)
         2          0          0          0          0          0   (incl. Padding)

    ----------------------------------------------------------------------

      Code (inc. data)   RO Data    RW Data    ZI Data      Debug   Library Member Name

         8          0          0          0          0         68   __main.o
         0          0          0          0          0          0   __rtentry.o
        12          0          0          0          0          0   __rtentry2.o
         6          0          0          0          0          0   __rtentry4.o
        52          8          0          0          0          0   __scatter.o
        26          0          0          0          0          0   __scatter_copy.o
        28          0          0          0          0          0   __scatter_zi.o
        28          0          0          0          0         68   _chval.o
       158          0          0          0          0         92   _strtoul.o
        10          0          0          0          0         68   defsig_exit.o
        50          0          0          0          0         88   defsig_general.o
        80         58          0          0          0         76   defsig_rtmem_inner.o
        14          0          0          0          0         80   defsig_rtmem_outer.o
        12          0          0          0          0         72   exit.o
        94          0          0          0          0         80   h1_alloc.o
        52          0          0          0          0         68   h1_extend.o
        78          0          0          0          0         80   h1_free.o
        14          0          0          0          0         84   h1_init.o
         6          0          0          0          0        152   heapauxi.o
         4          0          0          0          0        136   hguard.o
         0          0          0          0          0          0   indicate_semi.o
       138          0          0          0          0        168   init_alloc.o
        44         10        272          0          0         76   lc_ctype_c.o
         2          0          0          0          0          0   libinit.o
        28          0          0          0          0          0   libinit2.o
         2          0          0          0          0          0   libshutdown.o
         2          0          0          0          0          0   libshutdown2.o
         8          4          0          0         96         68   libspace.o
         0          0          0          0          0          0   maybetermalloc1.o
        16          4          0          0          0         76   rt_ctype_table.o
         8          4          0          0          0         68   rt_errno_addr_intlibspace.o
         8          4          0          0          0         68   rt_heap_descriptor_intlibspace.o
         8          4          0          0          0         68   rt_locale_intlibspace.o
         2          0          0          0          0          0   rtexit.o
        10          0          0          0          0          0   rtexit2.o
       128          0          0          0          0         68   strcmpv7m.o
        32          0          0          0          0         80   strcspn.o
        62          0          0          0          0         76   strlen.o
        28          0          0          0          0         80   strspn.o
        12          6          0          4          0         68   strtok.o
        68          4          0          0          0         84   strtok_int.o
       112          0          0          0          0         88   strtol.o
        12          4          0          0          0         68   sys_exit.o
        74          0          0          0          0         80   sys_stackheap_outer.o
        14          0          0          0          0         76   sys_wrch.o
         2          0          0          0          0         68   use_no_semi.o
        24          0          0          0          0         68   dcmpi.o
       688        140          0          0          0        208   ddiv.o
        46          0          0          0          0         68   dflt_clz.o
       120          4          0          0          0         92   dleqf.o
       156          4          0          0          0         92   dnaninf.o
        12          0          0          0          0         68   dretinf.o
       108          0          0          0          0         80   drleqf.o
         0          0          0          0          0          0   usenofp.o

    ----------------------------------------------------------------------
      2712        258        272          4        100       3316   Library Totals
         6          0          0          0          4          0   (incl. Padding)

    ----------------------------------------------------------------------

      Code (inc. data)   RO Data    RW Data    ZI Data      Debug   Library Name

      1552        110        272          4         96       2640   c_w.l
      1154        148          0          0          0        676   fz_ws.l

    ----------------------------------------------------------------------
      2712        258        272          4        100       3316   Library Totals

    ----------------------------------------------------------------------

==============================================================================


      Code (inc. data)   RO Data    RW Data    ZI Data      Debug   

      5964        628        596         28       1636     228027   Grand Totals
      5964        628        596         28       1636     228027   ELF Image Totals
      5964        628        596         28          0          0   ROM Totals

==============================================================================

    Total RO  Size (Code + RO Data)                 6560 (   6.41kB)
    Total RW  Size (RW Data + ZI Data)              1664 (   1.63kB)
    Total ROM Size (Code + RO Data + RW Data)       6588 (   6.43kB)

==============================================================================

